Archive member included to satisfy reference by file (symbol)

c:/workspace/tools/eclipse-embedcpp/xpack-arm-none-eabi-gcc-10.2.1-1.1/bin/../lib/gcc/arm-none-eabi/10.2.1/thumb/v7e-m+dp/hard\libgcc.a(unwind-arm.o)
                              ./main.o (__aeabi_unwind_cpp_pr1)
c:/workspace/tools/eclipse-embedcpp/xpack-arm-none-eabi-gcc-10.2.1-1.1/bin/../lib/gcc/arm-none-eabi/10.2.1/thumb/v7e-m+dp/hard\libgcc.a(libunwind.o)
                              c:/workspace/tools/eclipse-embedcpp/xpack-arm-none-eabi-gcc-10.2.1-1.1/bin/../lib/gcc/arm-none-eabi/10.2.1/thumb/v7e-m+dp/hard\libgcc.a(unwind-arm.o) (restore_core_regs)
c:/workspace/tools/eclipse-embedcpp/xpack-arm-none-eabi-gcc-10.2.1-1.1/bin/../lib/gcc/arm-none-eabi/10.2.1/thumb/v7e-m+dp/hard\libgcc.a(pr-support.o)
                              c:/workspace/tools/eclipse-embedcpp/xpack-arm-none-eabi-gcc-10.2.1-1.1/bin/../lib/gcc/arm-none-eabi/10.2.1/thumb/v7e-m+dp/hard\libgcc.a(unwind-arm.o) (__gnu_unwind_execute)
c:/workspace/tools/eclipse-embedcpp/xpack-arm-none-eabi-gcc-10.2.1-1.1/bin/../lib/gcc/arm-none-eabi/10.2.1/../../../../arm-none-eabi/lib/thumb/v7e-m+dp/hard\libg.a(lib_a-abort.o)
                              c:/workspace/tools/eclipse-embedcpp/xpack-arm-none-eabi-gcc-10.2.1-1.1/bin/../lib/gcc/arm-none-eabi/10.2.1/thumb/v7e-m+dp/hard\libgcc.a(unwind-arm.o) (abort)
c:/workspace/tools/eclipse-embedcpp/xpack-arm-none-eabi-gcc-10.2.1-1.1/bin/../lib/gcc/arm-none-eabi/10.2.1/../../../../arm-none-eabi/lib/thumb/v7e-m+dp/hard\libg.a(lib_a-exit.o)
                              c:/workspace/tools/eclipse-embedcpp/xpack-arm-none-eabi-gcc-10.2.1-1.1/bin/../lib/gcc/arm-none-eabi/10.2.1/../../../../arm-none-eabi/lib/thumb/v7e-m+dp/hard/crt0.o (exit)
c:/workspace/tools/eclipse-embedcpp/xpack-arm-none-eabi-gcc-10.2.1-1.1/bin/../lib/gcc/arm-none-eabi/10.2.1/../../../../arm-none-eabi/lib/thumb/v7e-m+dp/hard\libg.a(lib_a-impure.o)
                              c:/workspace/tools/eclipse-embedcpp/xpack-arm-none-eabi-gcc-10.2.1-1.1/bin/../lib/gcc/arm-none-eabi/10.2.1/../../../../arm-none-eabi/lib/thumb/v7e-m+dp/hard\libg.a(lib_a-exit.o) (_global_impure_ptr)
c:/workspace/tools/eclipse-embedcpp/xpack-arm-none-eabi-gcc-10.2.1-1.1/bin/../lib/gcc/arm-none-eabi/10.2.1/../../../../arm-none-eabi/lib/thumb/v7e-m+dp/hard\libg.a(lib_a-init.o)
                              c:/workspace/tools/eclipse-embedcpp/xpack-arm-none-eabi-gcc-10.2.1-1.1/bin/../lib/gcc/arm-none-eabi/10.2.1/../../../../arm-none-eabi/lib/thumb/v7e-m+dp/hard/crt0.o (__libc_init_array)
c:/workspace/tools/eclipse-embedcpp/xpack-arm-none-eabi-gcc-10.2.1-1.1/bin/../lib/gcc/arm-none-eabi/10.2.1/../../../../arm-none-eabi/lib/thumb/v7e-m+dp/hard\libg.a(lib_a-memcpy.o)
                              ./hpl/usbhs/hpl_usbhs.o (memcpy)
c:/workspace/tools/eclipse-embedcpp/xpack-arm-none-eabi-gcc-10.2.1-1.1/bin/../lib/gcc/arm-none-eabi/10.2.1/../../../../arm-none-eabi/lib/thumb/v7e-m+dp/hard\libg.a(lib_a-memset.o)
                              c:/workspace/tools/eclipse-embedcpp/xpack-arm-none-eabi-gcc-10.2.1-1.1/bin/../lib/gcc/arm-none-eabi/10.2.1/../../../../arm-none-eabi/lib/thumb/v7e-m+dp/hard/crt0.o (memset)
c:/workspace/tools/eclipse-embedcpp/xpack-arm-none-eabi-gcc-10.2.1-1.1/bin/../lib/gcc/arm-none-eabi/10.2.1/../../../../arm-none-eabi/lib/thumb/v7e-m+dp/hard\libg.a(lib_a-printf.o)
                              ./hal/utils/src/utils_syscalls.o (printf)
c:/workspace/tools/eclipse-embedcpp/xpack-arm-none-eabi-gcc-10.2.1-1.1/bin/../lib/gcc/arm-none-eabi/10.2.1/../../../../arm-none-eabi/lib/thumb/v7e-m+dp/hard\libg.a(lib_a-puts.o)
                              ./common/stdio_start.o (puts)
c:/workspace/tools/eclipse-embedcpp/xpack-arm-none-eabi-gcc-10.2.1-1.1/bin/../lib/gcc/arm-none-eabi/10.2.1/../../../../arm-none-eabi/lib/thumb/v7e-m+dp/hard\libg.a(lib_a-setbuf.o)
                              ./stdio_redirect/stdio_io.o (setbuf)
c:/workspace/tools/eclipse-embedcpp/xpack-arm-none-eabi-gcc-10.2.1-1.1/bin/../lib/gcc/arm-none-eabi/10.2.1/../../../../arm-none-eabi/lib/thumb/v7e-m+dp/hard\libg.a(lib_a-setvbuf.o)
                              c:/workspace/tools/eclipse-embedcpp/xpack-arm-none-eabi-gcc-10.2.1-1.1/bin/../lib/gcc/arm-none-eabi/10.2.1/../../../../arm-none-eabi/lib/thumb/v7e-m+dp/hard\libg.a(lib_a-setbuf.o) (setvbuf)
c:/workspace/tools/eclipse-embedcpp/xpack-arm-none-eabi-gcc-10.2.1-1.1/bin/../lib/gcc/arm-none-eabi/10.2.1/../../../../arm-none-eabi/lib/thumb/v7e-m+dp/hard\libg.a(lib_a-signal.o)
                              c:/workspace/tools/eclipse-embedcpp/xpack-arm-none-eabi-gcc-10.2.1-1.1/bin/../lib/gcc/arm-none-eabi/10.2.1/../../../../arm-none-eabi/lib/thumb/v7e-m+dp/hard\libg.a(lib_a-abort.o) (raise)
c:/workspace/tools/eclipse-embedcpp/xpack-arm-none-eabi-gcc-10.2.1-1.1/bin/../lib/gcc/arm-none-eabi/10.2.1/../../../../arm-none-eabi/lib/thumb/v7e-m+dp/hard\libg.a(lib_a-signalr.o)
[...]
Memory Configuration

Name             Origin             Length             Attributes
rom              0x0000000000400000 0x0000000000200000 xr
ram              0x0000000020400000 0x0000000000060000 xrw
*default*        0x0000000000000000 0xffffffffffffffff

Linker script and memory map

LOAD c:/workspace/tools/eclipse-embedcpp/xpack-arm-none-eabi-gcc-10.2.1-1.1/bin/../lib/gcc/arm-none-eabi/10.2.1/thumb/v7e-m+dp/hard/crti.o
LOAD c:/workspace/tools/eclipse-embedcpp/xpack-arm-none-eabi-gcc-10.2.1-1.1/bin/../lib/gcc/arm-none-eabi/10.2.1/thumb/v7e-m+dp/hard/crtbegin.o
LOAD c:/workspace/tools/eclipse-embedcpp/xpack-arm-none-eabi-gcc-10.2.1-1.1/bin/../lib/gcc/arm-none-eabi/10.2.1/../../../../arm-none-eabi/lib/thumb/v7e-m+dp/hard/crt0.o
LOAD C:\workspace\application\samv71\Afan SAME70 RTOS\Afan SAME70 BSP\CMSIS\Core\Lib\GCC/libarm_cortexM7lfdp_math.a
LOAD ./usb/device/usbdc.o
LOAD ./usb/class/msc/device/mscdf.o
LOAD ./usb/class/hid/device/hiddf_generic.o
LOAD ./usb/class/hid/device/hiddf_keyboard.o
LOAD ./usb/class/hid/device/hiddf_mouse.o
LOAD ./usb/class/cdc/device/cdcdf_acm.o
LOAD ./usb/usb_protocol.o
LOAD ./stdio_redirect/gcc/read.o
LOAD ./stdio_redirect/gcc/write.o
LOAD ./stdio_redirect/stdio_io.o
LOAD ./port/rtos.o
LOAD ./hpl/xdmac/hpl_xdmac.o
LOAD ./hpl/wdt/hpl_wdt.o
LOAD ./hpl/usbhs/hpl_usbhs.o
LOAD ./hpl/usart/hpl_usart.o
LOAD ./hpl/twihs/hpl_twihs.o
LOAD ./hpl/tc/hpl_tc.o
LOAD ./hpl/spi/hpl_spi.o
LOAD ./hpl/rtc/hpl_rtc.o
LOAD ./hpl/pwm/hpl_pwm.o
LOAD ./hpl/pmc/hpl_pmc.o
LOAD ./hpl/pmc/hpl_sleep.o
LOAD ./hpl/pio/hpl_pio_ext.o
LOAD ./hpl/mcan/hpl_mcan.o
LOAD ./hpl/gmac/hpl_gmac.o
LOAD ./hpl/efc/hpl_efc.o
LOAD ./hpl/core/hpl_core_m7_base.o
LOAD ./hpl/core/hpl_init.o
LOAD ./hpl/afec/hpl_afec.o
LOAD ./hal/utils/src/utils_assert.o
LOAD ./hal/utils/src/utils_event.o
LOAD ./hal/utils/src/utils_list.o
LOAD ./hal/utils/src/utils_ringbuffer.o
LOAD ./hal/utils/src/utils_syscalls.o
LOAD ./hal/src/hal_adc_sync.o
LOAD ./hal/src/hal_atomic.o
LOAD ./hal/src/hal_calendar.o
LOAD ./hal/src/hal_can_async.o
LOAD ./hal/src/hal_delay.o
LOAD ./hal/src/hal_ext_irq.o
LOAD ./hal/src/hal_flash.o
LOAD ./hal/src/hal_gpio.o
LOAD ./hal/src/hal_i2c_m_sync.o
LOAD ./hal/src/hal_init.o
LOAD ./hal/src/hal_io.o
LOAD ./hal/src/hal_mac_async.o
LOAD ./hal/src/hal_pwm.o
LOAD ./hal/src/hal_sleep.o
LOAD ./hal/src/hal_spi_m_sync.o
LOAD ./hal/src/hal_usart_sync.o
LOAD ./hal/src/hal_usb_device.o
LOAD ./hal/src/hal_wdt.o
LOAD ./ethernet_phy/ethernet_phy.o
LOAD ./common/atmel_start.o
LOAD ./common/driver_init.o
LOAD ./common/stdio_start.o
LOAD ./FreeRTOSV10.0.0/Source/portable/MemMang/heap_4.o
LOAD ./FreeRTOSV10.0.0/Source/portable/GCC/ARM_CM7/port.o
LOAD ./FreeRTOSV10.0.0/Source/croutine.o
LOAD ./FreeRTOSV10.0.0/Source/event_groups.o
LOAD ./FreeRTOSV10.0.0/Source/list.o
LOAD ./FreeRTOSV10.0.0/Source/queue.o
LOAD ./FreeRTOSV10.0.0/Source/stream_buffer.o
LOAD ./FreeRTOSV10.0.0/Source/tasks.o
LOAD ./FreeRTOSV10.0.0/Source/timers.o
LOAD ./Device_Startup/startup_same70q21b.o
LOAD ./Device_Startup/system_same70q21b.o
LOAD ./main.o
LOAD ./rtos_start.o
LOAD c:/workspace/tools/eclipse-embedcpp/xpack-arm-none-eabi-gcc-10.2.1-1.1/bin/../lib/gcc/arm-none-eabi/10.2.1/../../../../arm-none-eabi/lib/thumb/v7e-m+dp/hard\libstdc++.a
LOAD c:/workspace/tools/eclipse-embedcpp/xpack-arm-none-eabi-gcc-10.2.1-1.1/bin/../lib/gcc/arm-none-eabi/10.2.1/../../../../arm-none-eabi/lib/thumb/v7e-m+dp/hard\libm.a
START GROUP
LOAD c:/workspace/tools/eclipse-embedcpp/xpack-arm-none-eabi-gcc-10.2.1-1.1/bin/../lib/gcc/arm-none-eabi/10.2.1/thumb/v7e-m+dp/hard\libgcc.a
LOAD c:/workspace/tools/eclipse-embedcpp/xpack-arm-none-eabi-gcc-10.2.1-1.1/bin/../lib/gcc/arm-none-eabi/10.2.1/../../../../arm-none-eabi/lib/thumb/v7e-m+dp/hard\libg.a
LOAD c:/workspace/tools/eclipse-embedcpp/xpack-arm-none-eabi-gcc-10.2.1-1.1/bin/../lib/gcc/arm-none-eabi/10.2.1/../../../../arm-none-eabi/lib/thumb/v7e-m+dp/hard\libc.a
END GROUP
LOAD c:/workspace/tools/eclipse-embedcpp/xpack-arm-none-eabi-gcc-10.2.1-1.1/bin/../lib/gcc/arm-none-eabi/10.2.1/thumb/v7e-m+dp/hard/crtend.o
LOAD c:/workspace/tools/eclipse-embedcpp/xpack-arm-none-eabi-gcc-10.2.1-1.1/bin/../lib/gcc/arm-none-eabi/10.2.1/thumb/v7e-m+dp/hard/crtn.o
                0x0000000000001000                STACK_SIZE = DEFINED (STACK_SIZE)?STACK_SIZE:DEFINED (__stack_size__)?__stack_size__:0x1000
                0x0000000000001000                HEAP_SIZE = DEFINED (HEAP_SIZE)?HEAP_SIZE:DEFINED (__heap_size__)?__heap_size__:0x1000

.text           0x0000000000400000     0xb098
                0x0000000000400000                . = ALIGN (0x4)
                0x0000000000400000                _sfixed = .
 *(.vectors .vectors.*)
 .vectors       0x0000000000400000      0x168 ./Device_Startup/startup_same70q21b.o
                0x0000000000400000                exception_table
 *(.text .text.* .gnu.linkonce.t.*)
 .text.__do_global_dtors_aux
                0x0000000000400168       0x24 c:/workspace/tools/eclipse-embedcpp/xpack-arm-none-eabi-gcc-10.2.1-1.1/bin/../lib/gcc/arm-none-eabi/10.2.1/thumb/v7e-m+dp/hard/crtbegin.o
 .text.frame_dummy
                0x000000000040018c       0x1c c:/workspace/tools/eclipse-embedcpp/xpack-arm-none-eabi-gcc-10.2.1-1.1/bin/../lib/gcc/arm-none-eabi/10.2.1/thumb/v7e-m+dp/hard/crtbegin.o
 .text._read    0x00000000004001a8       0x18 ./stdio_redirect/gcc/read.o
                0x00000000004001a8                _read
 .text._write   0x00000000004001c0       0x1c ./stdio_redirect/gcc/write.o
                0x00000000004001c0                _write
 .text.stdio_io_init
                0x00000000004001dc       0x28 ./stdio_redirect/stdio_io.o
                0x00000000004001dc                stdio_io_init
 .text.stdio_io_read
                0x0000000000400204       0x1c ./stdio_redirect/stdio_io.o
                0x0000000000400204                stdio_io_read
 .text.stdio_io_write
                0x0000000000400220       0x1c ./stdio_redirect/stdio_io.o
                0x0000000000400220                stdio_io_write
 .text._dma_init
                0x000000000040023c       0x68 ./hpl/xdmac/hpl_xdmac.o
                0x000000000040023c                _dma_init
 .text.XDMAC_Handler
                0x00000000004002a4       0x7c ./hpl/xdmac/hpl_xdmac.o
                0x00000000004002a4                XDMAC_Handler
 .text._usb_d_dev_handle_setup
                0x0000000000400320       0x70 ./hpl/usbhs/hpl_usbhs.o
 .text._usb_d_dev_trans_done
                0x0000000000400390       0x2c ./hpl/usbhs/hpl_usbhs.o
 .text._usb_d_dev_reset_epts
                0x00000000004003bc       0x4c ./hpl/usbhs/hpl_usbhs.o
 .text._usb_d_dev_dma_next
                0x0000000000400408       0xe0 ./hpl/usbhs/hpl_usbhs.o
 .text._usb_d_dev_trans_stop
                0x00000000004004e8       0x3c ./hpl/usbhs/hpl_usbhs.o
 .text.USBHS_Handler
                0x0000000000400524      0x3f4 ./hpl/usbhs/hpl_usbhs.o
                0x0000000000400524                USBHS_Handler
 .text._get_usart_index
                0x0000000000400918        0x4 ./hpl/usart/hpl_usart.o
 .text._usart_sync_init
                0x000000000040091c       0x4c ./hpl/usart/hpl_usart.o
                0x000000000040091c                _usart_sync_init
 .text._usart_sync_enable
                0x0000000000400968        0x8 ./hpl/usart/hpl_usart.o
                0x0000000000400968                _usart_sync_enable
 .text._usart_sync_write_byte
                0x0000000000400970        0x6 ./hpl/usart/hpl_usart.o
                0x0000000000400970                _usart_sync_write_byte
 .text._usart_sync_read_byte
                0x0000000000400976        0x8 ./hpl/usart/hpl_usart.o
                0x0000000000400976                _usart_sync_read_byte
 .text._usart_sync_is_ready_to_send
                0x000000000040097e        0xa ./hpl/usart/hpl_usart.o
                0x000000000040097e                _usart_sync_is_ready_to_send
 .text._usart_sync_is_transmit_done
                0x0000000000400988        0xa ./hpl/usart/hpl_usart.o
                0x0000000000400988                _usart_sync_is_transmit_done
 .text._usart_sync_is_byte_received
                0x0000000000400992        0xa ./hpl/usart/hpl_usart.o
                0x0000000000400992                _usart_sync_is_byte_received
 .text._usart_get_usart_sync
                0x000000000040099c        0x4 ./hpl/usart/hpl_usart.o
                0x000000000040099c                _usart_get_usart_sync
 .text._i2c_m_sync_init
                0x00000000004009a0       0x30 ./hpl/twihs/hpl_twihs.o
                0x00000000004009a0                _i2c_m_sync_init
 .text._i2c_m_sync_transfer
                0x00000000004009d0      0x168 ./hpl/twihs/hpl_twihs.o
                0x00000000004009d0                _i2c_m_sync_transfer
 .text.tc_pwm_interrupt_handler
                0x0000000000400b38       0x24 ./hpl/tc/hpl_tc.o
 .text.TC0_Handler
                0x0000000000400b5c       0x10 ./hpl/tc/hpl_tc.o
                0x0000000000400b5c                TC0_Handler
 .text.TC3_Handler
                0x0000000000400b6c       0x10 ./hpl/tc/hpl_tc.o
                0x0000000000400b6c                TC3_Handler
 .text.TC6_Handler
                0x0000000000400b7c       0x10 ./hpl/tc/hpl_tc.o
                0x0000000000400b7c                TC6_Handler
 .text.TC9_Handler
                0x0000000000400b8c       0x10 ./hpl/tc/hpl_tc.o
                0x0000000000400b8c                TC9_Handler
 .text._spi_m_sync_init
                0x0000000000400b9c       0x4c ./hpl/spi/hpl_spi.o
                0x0000000000400b9c                _spi_m_sync_init
 .text._spi_m_sync_trans
                0x0000000000400be8       0x92 ./hpl/spi/hpl_spi.o
                0x0000000000400be8                _spi_m_sync_trans
 .text._spi_get_spi_m_sync
                0x0000000000400c7a        0x4 ./hpl/spi/hpl_spi.o
                0x0000000000400c7a                _spi_get_spi_m_sync
 *fill*         0x0000000000400c7e        0x2 
 .text.RTC_Handler
                0x0000000000400c80       0x40 ./hpl/rtc/hpl_rtc.o
                0x0000000000400c80                RTC_Handler
 .text._pwm_interrupt_handler
                0x0000000000400cc0       0x10 ./hpl/pwm/hpl_pwm.o
 .text.PWM0_Handler
                0x0000000000400cd0       0x10 ./hpl/pwm/hpl_pwm.o
                0x0000000000400cd0                PWM0_Handler
 .text.PWM1_Handler
                0x0000000000400ce0       0x10 ./hpl/pwm/hpl_pwm.o
                0x0000000000400ce0                PWM1_Handler
 .text._pmc_init
                0x0000000000400cf0       0xf4 ./hpl/pmc/hpl_pmc.o
                0x0000000000400cf0                _pmc_init
 .text._ffs     0x0000000000400de4       0x44 ./hpl/pio/hpl_pio_ext.o
 .text.PIOC_Handler
                0x0000000000400e28       0x7c ./hpl/pio/hpl_pio_ext.o
                0x0000000000400e28                PIOC_Handler
 .text._can_irq_handler
                0x0000000000400ea4       0x78 ./hpl/mcan/hpl_mcan.o
 .text._can_async_init
                0x0000000000400f1c      0x1dc ./hpl/mcan/hpl_mcan.o
                0x0000000000400f1c                _can_async_init
 .text.MCAN0_INT0_Handler
                0x00000000004010f8       0x10 ./hpl/mcan/hpl_mcan.o
                0x00000000004010f8                MCAN0_INT0_Handler
 .text.MCAN1_INT0_Handler
                0x0000000000401108       0x10 ./hpl/mcan/hpl_mcan.o
                0x0000000000401108                MCAN1_INT0_Handler
 .text._mac_async_init
                0x0000000000401118      0x110 ./hpl/gmac/hpl_gmac.o
                0x0000000000401118                _mac_async_init
 .text.GMAC_Handler
                0x0000000000401228       0x74 ./hpl/gmac/hpl_gmac.o
                0x0000000000401228                GMAC_Handler
 .text.EFC_Handler
                0x000000000040129c       0x1c ./hpl/efc/hpl_efc.o
                0x000000000040129c                EFC_Handler
 .text._init_chip
                0x00000000004012b8       0x64 ./hpl/core/hpl_init.o
                0x00000000004012b8                _init_chip
 .text._sbrk    0x000000000040131c       0x24 ./hal/utils/src/utils_syscalls.o
                0x000000000040131c                _sbrk
 .text._close   0x0000000000401340        0x6 ./hal/utils/src/utils_syscalls.o
                0x0000000000401340                _close
 .text._fstat   0x0000000000401346        0xa ./hal/utils/src/utils_syscalls.o
                0x0000000000401346                _fstat
 .text._isatty  0x0000000000401350        0x4 ./hal/utils/src/utils_syscalls.o
                0x0000000000401350                _isatty
 .text._lseek   0x0000000000401354        0x4 ./hal/utils/src/utils_syscalls.o
                0x0000000000401354                _lseek
 .text._exit    0x0000000000401358       0x10 ./hal/utils/src/utils_syscalls.o
                0x0000000000401358                _exit
 .text._kill    0x0000000000401368        0x2 ./hal/utils/src/utils_syscalls.o
                0x0000000000401368                _kill
 .text._getpid  0x000000000040136a        0x6 ./hal/utils/src/utils_syscalls.o
                0x000000000040136a                _getpid
 .text.atomic_enter_critical
                0x0000000000401370        0xe ./hal/src/hal_atomic.o
                0x0000000000401370                atomic_enter_critical
 .text.atomic_leave_critical
                0x000000000040137e        0xc ./hal/src/hal_atomic.o
                0x000000000040137e                atomic_leave_critical
 .text.can_tx_done
                0x000000000040138a        0xa ./hal/src/hal_can_async.o
 .text.can_rx_done
                0x0000000000401394        0xa ./hal/src/hal_can_async.o
 .text.can_irq_handler
                0x000000000040139e        0xa ./hal/src/hal_can_async.o
 .text.can_async_init
                0x00000000004013a8       0x24 ./hal/src/hal_can_async.o
                0x00000000004013a8                can_async_init
 .text.i2c_m_sync_write
                0x00000000004013cc       0x2a ./hal/src/hal_i2c_m_sync.o
 .text.i2c_m_sync_read
                0x00000000004013f6       0x2a ./hal/src/hal_i2c_m_sync.o
 .text.i2c_m_sync_init
                0x0000000000401420       0x1c ./hal/src/hal_i2c_m_sync.o
                0x0000000000401420                i2c_m_sync_init
 .text.io_write
                0x000000000040143c        0x8 ./hal/src/hal_io.o
                0x000000000040143c                io_write
 .text.io_read  0x0000000000401444        0x8 ./hal/src/hal_io.o
                0x0000000000401444                io_read
 .text.mac_async_init
                0x000000000040144c        0x8 ./hal/src/hal_mac_async.o
                0x000000000040144c                mac_async_init
 .text.spi_m_sync_set_func_ptr
                0x0000000000401454        0x4 ./hal/src/hal_spi_m_sync.o
                0x0000000000401454                spi_m_sync_set_func_ptr
 .text.spi_m_sync_init
                0x0000000000401458       0x2c ./hal/src/hal_spi_m_sync.o
                0x0000000000401458                spi_m_sync_init
 .text.spi_m_sync_transfer
                0x0000000000401484       0x1e ./hal/src/hal_spi_m_sync.o
                0x0000000000401484                spi_m_sync_transfer
 .text._spi_m_sync_io_write
                0x00000000004014a2       0x1a ./hal/src/hal_spi_m_sync.o
 .text._spi_m_sync_io_read
                0x00000000004014bc       0x1a ./hal/src/hal_spi_m_sync.o
 .text.usart_sync_write
                0x00000000004014d6       0x48 ./hal/src/hal_usart_sync.o
 .text.usart_sync_read
                0x000000000040151e       0x32 ./hal/src/hal_usart_sync.o
 .text.usart_sync_init
                0x0000000000401550       0x20 ./hal/src/hal_usart_sync.o
                0x0000000000401550                usart_sync_init
 .text.usart_sync_enable
                0x0000000000401570        0xc ./hal/src/hal_usart_sync.o
                0x0000000000401570                usart_sync_enable
 .text.atmel_start_init
                0x000000000040157c        0xc ./common/atmel_start.o
                0x000000000040157c                atmel_start_init
 .text.SPI_0_PORT_init
                0x0000000000401588       0x4c ./common/driver_init.o
                0x0000000000401588                SPI_0_PORT_init
 .text.SPI_0_CLOCK_init
                0x00000000004015d4       0x18 ./common/driver_init.o
                0x00000000004015d4                SPI_0_CLOCK_init
 .text.SPI_0_init
                0x00000000004015ec       0x2c ./common/driver_init.o
                0x00000000004015ec                SPI_0_init
 .text.I2C_AT24MAC_PORT_init
                0x0000000000401618       0x30 ./common/driver_init.o
                0x0000000000401618                I2C_AT24MAC_PORT_init
 .text.I2C_AT24MAC_CLOCK_init
                0x0000000000401648       0x18 ./common/driver_init.o
                0x0000000000401648                I2C_AT24MAC_CLOCK_init
 .text.I2C_AT24MAC_init
                0x0000000000401660       0x1c ./common/driver_init.o
                0x0000000000401660                I2C_AT24MAC_init
 .text.TARGET_IO_PORT_init
                0x000000000040167c       0x4c ./common/driver_init.o
                0x000000000040167c                TARGET_IO_PORT_init
 .text.TARGET_IO_CLOCK_init
                0x00000000004016c8       0x18 ./common/driver_init.o
                0x00000000004016c8                TARGET_IO_CLOCK_init
 .text.TARGET_IO_init
                0x00000000004016e0       0x24 ./common/driver_init.o
                0x00000000004016e0                TARGET_IO_init
 .text.MACIF_PORT_init
                0x0000000000401704       0xd4 ./common/driver_init.o
                0x0000000000401704                MACIF_PORT_init
 .text.MACIF_CLOCK_init
                0x00000000004017d8       0x1c ./common/driver_init.o
                0x00000000004017d8                MACIF_CLOCK_init
 .text.MACIF_init
                0x00000000004017f4       0x1c ./common/driver_init.o
                0x00000000004017f4                MACIF_init
 .text.CAN_Node0_CLOCK_init
                0x0000000000401810       0x1c ./common/driver_init.o
                0x0000000000401810                CAN_Node0_CLOCK_init
 .text.CAN_Node0_PORT_init
                0x000000000040182c       0x30 ./common/driver_init.o
                0x000000000040182c                CAN_Node0_PORT_init
 .text.CAN_Node0_init
                0x000000000040185c       0x1c ./common/driver_init.o
                0x000000000040185c                CAN_Node0_init
 .text.CAN_Node1_CLOCK_init
                0x0000000000401878       0x1c ./common/driver_init.o
                0x0000000000401878                CAN_Node1_CLOCK_init
 .text.CAN_Node1_PORT_init
                0x0000000000401894       0x34 ./common/driver_init.o
                0x0000000000401894                CAN_Node1_PORT_init
 .text.CAN_Node1_init
                0x00000000004018c8       0x1c ./common/driver_init.o
                0x00000000004018c8                CAN_Node1_init
 .text.system_init
                0x00000000004018e4       0x68 ./common/driver_init.o
                0x00000000004018e4                system_init
 .text.stdio_redirect_init
                0x000000000040194c       0x18 ./common/stdio_start.o
                0x000000000040194c                stdio_redirect_init
 .text.prvInsertBlockIntoFreeList
                0x0000000000401964       0x60 ./FreeRTOSV10.0.0/Source/portable/MemMang/heap_4.o
 .text.pvPortMalloc
                0x00000000004019c4      0x14c ./FreeRTOSV10.0.0/Source/portable/MemMang/heap_4.o
                0x00000000004019c4                pvPortMalloc
 .text.vPortFree
                0x0000000000401b10       0x78 ./FreeRTOSV10.0.0/Source/portable/MemMang/heap_4.o
                0x0000000000401b10                vPortFree
 .text.xPortGetFreeHeapSize
                0x0000000000401b88        0xc ./FreeRTOSV10.0.0/Source/portable/MemMang/heap_4.o
                0x0000000000401b88                xPortGetFreeHeapSize
 .text.prvTaskExitError
                0x0000000000401b94       0x48 ./FreeRTOSV10.0.0/Source/portable/GCC/ARM_CM7/port.o
 .text.prvPortStartFirstTask
                0x0000000000401bdc       0x28 ./FreeRTOSV10.0.0/Source/portable/GCC/ARM_CM7/port.o
 .text.vPortEnableVFP
                0x0000000000401c04       0x14 ./FreeRTOSV10.0.0/Source/portable/GCC/ARM_CM7/port.o
 .text.pxPortInitialiseStack
                0x0000000000401c18       0x2c ./FreeRTOSV10.0.0/Source/portable/GCC/ARM_CM7/port.o
                0x0000000000401c18                pxPortInitialiseStack
 *fill*         0x0000000000401c44        0xc 
 .text.SVCall_Handler
                0x0000000000401c50       0x24 ./FreeRTOSV10.0.0/Source/portable/GCC/ARM_CM7/port.o
                0x0000000000401c50                SVCall_Handler
 .text.vPortEnterCritical
                0x0000000000401c74       0x4c ./FreeRTOSV10.0.0/Source/portable/GCC/ARM_CM7/port.o
                0x0000000000401c74                vPortEnterCritical
 .text.vPortExitCritical
                0x0000000000401cc0       0x30 ./FreeRTOSV10.0.0/Source/portable/GCC/ARM_CM7/port.o
                0x0000000000401cc0                vPortExitCritical
 .text.PendSV_Handler
                0x0000000000401cf0       0x64 ./FreeRTOSV10.0.0/Source/portable/GCC/ARM_CM7/port.o
                0x0000000000401cf0                PendSV_Handler
 .text.SysTick_Handler
                0x0000000000401d54       0x30 ./FreeRTOSV10.0.0/Source/portable/GCC/ARM_CM7/port.o
                0x0000000000401d54                SysTick_Handler
 .text.vPortSetupTimerInterrupt
                0x0000000000401d84       0x18 ./FreeRTOSV10.0.0/Source/portable/GCC/ARM_CM7/port.o
                0x0000000000401d84                vPortSetupTimerInterrupt
 .text.xPortStartScheduler
                0x0000000000401d9c       0xd8 ./FreeRTOSV10.0.0/Source/portable/GCC/ARM_CM7/port.o
                0x0000000000401d9c                xPortStartScheduler
 .text.vPortValidateInterruptPriority
                0x0000000000401e74       0x64 ./FreeRTOSV10.0.0/Source/portable/GCC/ARM_CM7/port.o
                0x0000000000401e74                vPortValidateInterruptPriority
 .text.vListInitialise
                0x0000000000401ed8       0x16 ./FreeRTOSV10.0.0/Source/list.o
                0x0000000000401ed8                vListInitialise
 .text.vListInitialiseItem
                0x0000000000401eee        0x6 ./FreeRTOSV10.0.0/Source/list.o
                0x0000000000401eee                vListInitialiseItem
 .text.vListInsertEnd
                0x0000000000401ef4       0x16 ./FreeRTOSV10.0.0/Source/list.o
                0x0000000000401ef4                vListInsertEnd
 .text.vListInsert
                0x0000000000401f0a       0x32 ./FreeRTOSV10.0.0/Source/list.o
                0x0000000000401f0a                vListInsert
 .text.uxListRemove
                0x0000000000401f3c       0x26 ./FreeRTOSV10.0.0/Source/list.o
                0x0000000000401f3c                uxListRemove
 .text.prvIsQueueEmpty
                0x0000000000401f62       0x16 ./FreeRTOSV10.0.0/Source/queue.o
 .text.prvCopyDataToQueue
                0x0000000000401f78       0x72 ./FreeRTOSV10.0.0/Source/queue.o
 .text.prvNotifyQueueSetContainer
                0x0000000000401fea       0x84 ./FreeRTOSV10.0.0/Source/queue.o
 .text.prvCopyDataFromQueue
                0x000000000040206e       0x24 ./FreeRTOSV10.0.0/Source/queue.o
 .text.prvUnlockQueue
                0x0000000000402092       0x8e ./FreeRTOSV10.0.0/Source/queue.o
 .text.xQueueGenericReset
                0x0000000000402120       0x88 ./FreeRTOSV10.0.0/Source/queue.o
                0x0000000000402120                xQueueGenericReset
 .text.xQueueGenericCreate
                0x00000000004021a8       0x52 ./FreeRTOSV10.0.0/Source/queue.o
                0x00000000004021a8                xQueueGenericCreate
 .text.xQueueGenericSend
                0x00000000004021fa      0x1d2 ./FreeRTOSV10.0.0/Source/queue.o
                0x00000000004021fa                xQueueGenericSend
 .text.xQueueGenericSendFromISR
                0x00000000004023cc       0xf2 ./FreeRTOSV10.0.0/Source/queue.o
                0x00000000004023cc                xQueueGenericSendFromISR
 .text.xQueueReceive
                0x00000000004024be      0x174 ./FreeRTOSV10.0.0/Source/queue.o
                0x00000000004024be                xQueueReceive
 .text.vQueueWaitForMessageRestricted
                0x0000000000402632       0x52 ./FreeRTOSV10.0.0/Source/queue.o
                0x0000000000402632                vQueueWaitForMessageRestricted
 .text.prvResetNextTaskUnblockTime
                0x0000000000402684       0x2c ./FreeRTOSV10.0.0/Source/tasks.o
 .text.prvAddCurrentTaskToDelayedList
                0x00000000004026b0       0x7c ./FreeRTOSV10.0.0/Source/tasks.o
 .text.prvIdleTask
                0x000000000040272c       0x70 ./FreeRTOSV10.0.0/Source/tasks.o
 .text.xTaskCreate
                0x000000000040279c      0x1c4 ./FreeRTOSV10.0.0/Source/tasks.o
                0x000000000040279c                xTaskCreate
 .text.vTaskStartScheduler
                0x0000000000402960       0x8c ./FreeRTOSV10.0.0/Source/tasks.o
                0x0000000000402960                vTaskStartScheduler
 .text.vTaskSuspendAll
                0x00000000004029ec       0x10 ./FreeRTOSV10.0.0/Source/tasks.o
                0x00000000004029ec                vTaskSuspendAll
 .text.xTaskGetTickCount
                0x00000000004029fc        0xc ./FreeRTOSV10.0.0/Source/tasks.o
                0x00000000004029fc                xTaskGetTickCount
 .text.xTaskIncrementTick
                0x0000000000402a08      0x144 ./FreeRTOSV10.0.0/Source/tasks.o
                0x0000000000402a08                xTaskIncrementTick
 .text.xTaskResumeAll
                0x0000000000402b4c      0x108 ./FreeRTOSV10.0.0/Source/tasks.o
                0x0000000000402b4c                xTaskResumeAll
 .text.vTaskDelay
                0x0000000000402c54       0x50 ./FreeRTOSV10.0.0/Source/tasks.o
                0x0000000000402c54                vTaskDelay
 .text.vTaskSwitchContext
                0x0000000000402ca4       0xc0 ./FreeRTOSV10.0.0/Source/tasks.o
                0x0000000000402ca4                vTaskSwitchContext
 .text.vTaskPlaceOnEventList
                0x0000000000402d64       0x34 ./FreeRTOSV10.0.0/Source/tasks.o
                0x0000000000402d64                vTaskPlaceOnEventList
 .text.vTaskPlaceOnEventListRestricted
                0x0000000000402d98       0x40 ./FreeRTOSV10.0.0/Source/tasks.o
                0x0000000000402d98                vTaskPlaceOnEventListRestricted
 .text.xTaskRemoveFromEventList
                0x0000000000402dd8       0x90 ./FreeRTOSV10.0.0/Source/tasks.o
                0x0000000000402dd8                xTaskRemoveFromEventList
 .text.vTaskInternalSetTimeOutState
                0x0000000000402e68       0x18 ./FreeRTOSV10.0.0/Source/tasks.o
                0x0000000000402e68                vTaskInternalSetTimeOutState
 .text.xTaskCheckForTimeOut
                0x0000000000402e80       0x8c ./FreeRTOSV10.0.0/Source/tasks.o
                0x0000000000402e80                xTaskCheckForTimeOut
 .text.vTaskMissedYield
                0x0000000000402f0c        0xc ./FreeRTOSV10.0.0/Source/tasks.o
                0x0000000000402f0c                vTaskMissedYield
 .text.xTaskGetSchedulerState
                0x0000000000402f18       0x20 ./FreeRTOSV10.0.0/Source/tasks.o
                0x0000000000402f18                xTaskGetSchedulerState
 .text.xTaskPriorityDisinherit
                0x0000000000402f38       0x94 ./FreeRTOSV10.0.0/Source/tasks.o
                0x0000000000402f38                xTaskPriorityDisinherit
 .text.prvInsertTimerInActiveList
                0x0000000000402fcc       0x48 ./FreeRTOSV10.0.0/Source/timers.o
 .text.prvCheckForValidListAndQueue
                0x0000000000403014       0x50 ./FreeRTOSV10.0.0/Source/timers.o
 .text.xTimerCreateTimerTask
                0x0000000000403064       0x50 ./FreeRTOSV10.0.0/Source/timers.o
                0x0000000000403064                xTimerCreateTimerTask
 .text.xTimerGenericCommand
                0x00000000004030b4       0x64 ./FreeRTOSV10.0.0/Source/timers.o
                0x00000000004030b4                xTimerGenericCommand
 .text.prvSampleTimeNow
                0x0000000000403118       0xb0 ./FreeRTOSV10.0.0/Source/timers.o
 .text.prvTimerTask
                0x00000000004031c8      0x1dc ./FreeRTOSV10.0.0/Source/timers.o
 .text.Dummy_Handler
                0x00000000004033a4        0x2 ./Device_Startup/startup_same70q21b.o
                0x00000000004033a4                DACC_Handler
                0x00000000004033a4                UART3_Handler
                0x00000000004033a4                UART2_Handler
                0x00000000004033a4                TRNG_Handler
                0x00000000004033a4                TC2_Handler
                0x00000000004033a4                AFEC1_Handler
                0x00000000004033a4                TC7_Handler
                0x00000000004033a4                QSPI_Handler
                0x00000000004033a4                NonMaskableInt_Handler
                0x00000000004033a4                ISI_Handler
                0x00000000004033a4                RSWDT_Handler
                0x00000000004033a4                USART0_Handler
                0x00000000004033a4                RTT_Handler
                0x00000000004033a4                IXC_Handler
                0x00000000004033a4                CCF_Handler
                0x00000000004033a4                PIOB_Handler
                0x00000000004033a4                UsageFault_Handler
                0x00000000004033a4                WDT_Handler
                0x00000000004033a4                MCAN1_INT1_Handler
                0x00000000004033a4                TC4_Handler
                0x00000000004033a4                TC1_Handler
                0x00000000004033a4                HSMCI_Handler
                0x00000000004033a4                UART1_Handler
                0x00000000004033a4                Dummy_Handler
                0x00000000004033a4                TWIHS1_Handler
                0x00000000004033a4                UART4_Handler
                0x00000000004033a4                USART1_Handler
                0x00000000004033a4                PIOA_Handler
                0x00000000004033a4                AFEC0_Handler
                0x00000000004033a4                CCW_Handler
                0x00000000004033a4                SSC_Handler
                0x00000000004033a4                TC11_Handler
                0x00000000004033a4                ACC_Handler
                0x00000000004033a4                PMC_Handler
                0x00000000004033a4                MCAN0_INT1_Handler
                0x00000000004033a4                GMAC_Q5_Handler
                0x00000000004033a4                SUPC_Handler
                0x00000000004033a4                TC8_Handler
                0x00000000004033a4                GMAC_Q1_Handler
                0x00000000004033a4                USART2_Handler
                0x00000000004033a4                SDRAMC_Handler
                0x00000000004033a4                GMAC_Q2_Handler
                0x00000000004033a4                PIOE_Handler
                0x00000000004033a4                SPI1_Handler
                0x00000000004033a4                TC10_Handler
                0x00000000004033a4                GMAC_Q3_Handler
                0x00000000004033a4                PIOD_Handler
                0x00000000004033a4                TWIHS2_Handler
                0x00000000004033a4                I2SC0_Handler
                0x00000000004033a4                UART0_Handler
                0x00000000004033a4                I2SC1_Handler
                0x00000000004033a4                GMAC_Q4_Handler
                0x00000000004033a4                FPU_Handler
                0x00000000004033a4                RSTC_Handler
                0x00000000004033a4                DebugMonitor_Handler
                0x00000000004033a4                TC5_Handler
                0x00000000004033a4                ICM_Handler
                0x00000000004033a4                AES_Handler
                0x00000000004033a4                TWIHS0_Handler
                0x00000000004033a4                SPI0_Handler
 .text.BusFault_Handler
                0x00000000004033a6        0x2 ./Device_Startup/startup_same70q21b.o
                0x00000000004033a6                BusFault_Handler
 .text.HardFault_Handler
                0x00000000004033a8       0x14 ./Device_Startup/startup_same70q21b.o
                0x00000000004033a8                HardFault_Handler
 .text.MemoryManagement_Handler
                0x00000000004033bc        0x2 ./Device_Startup/startup_same70q21b.o
                0x00000000004033bc                MemoryManagement_Handler
 *fill*         0x00000000004033be        0x2 
 .text.Reset_Handler
                0x00000000004033c0       0x80 ./Device_Startup/startup_same70q21b.o
                0x00000000004033c0                Reset_Handler
 .text.fault_handler_trace
                0x0000000000403440       0x8c ./Device_Startup/startup_same70q21b.o
                0x0000000000403440                fault_handler_trace
 .text.main     0x00000000004034cc       0x50 ./main.o
                0x00000000004034cc                main
 .text.led_thread_entry
                0x000000000040351c       0x1c ./rtos_start.o
 .text.vApplicationMallocFailedHook
                0x0000000000403538       0x16 ./rtos_start.o
                0x0000000000403538                vApplicationMallocFailedHook
 .text.vApplicationStackOverflowHook
                0x000000000040354e       0x16 ./rtos_start.o
                0x000000000040354e                vApplicationStackOverflowHook
 .text.vApplicationIdleHook
                0x0000000000403564       0x12 ./rtos_start.o
                0x0000000000403564                vApplicationIdleHook
 .text.vApplicationTickHook
                0x0000000000403576        0x2 ./rtos_start.o
                0x0000000000403576                vApplicationTickHook
 .text.FREERTOS_V1000_start
                0x0000000000403578       0x44 ./rtos_start.o
                0x0000000000403578                FREERTOS_V1000_start
 .text.selfrel_offset31
                0x00000000004035bc       0x14 c:/workspace/tools/eclipse-embedcpp/xpack-arm-none-eabi-gcc-10.2.1-1.1/bin/../lib/gcc/arm-none-eabi/10.2.1/thumb/v7e-m+dp/hard\libgcc.a(unwind-arm.o)
 .text.search_EIT_table
                0x00000000004035d0       0x5c c:/workspace/tools/eclipse-embedcpp/xpack-arm-none-eabi-gcc-10.2.1-1.1/bin/../lib/gcc/arm-none-eabi/10.2.1/thumb/v7e-m+dp/hard\libgcc.a(unwind-arm.o)
 .text.__gnu_unwind_get_pr_addr
                0x000000000040362c       0x28 c:/workspace/tools/eclipse-embedcpp/xpack-arm-none-eabi-gcc-10.2.1-1.1/bin/../lib/gcc/arm-none-eabi/10.2.1/thumb/v7e-m+dp/hard\libgcc.a(unwind-arm.o)
 .text.get_eit_entry
                0x0000000000403654       0x9c c:/workspace/tools/eclipse-embedcpp/xpack-arm-none-eabi-gcc-10.2.1-1.1/bin/../lib/gcc/arm-none-eabi/10.2.1/thumb/v7e-m+dp/hard\libgcc.a(unwind-arm.o)
 .text.restore_non_core_regs
                0x00000000004036f0       0x58 c:/workspace/tools/eclipse-embedcpp/xpack-arm-none-eabi-gcc-10.2.1-1.1/bin/../lib/gcc/arm-none-eabi/10.2.1/thumb/v7e-m+dp/hard\libgcc.a(unwind-arm.o)
 .text._Unwind_decode_typeinfo_ptr.constprop.0
                0x0000000000403748        0xc c:/workspace/tools/eclipse-embedcpp/xpack-arm-none-eabi-gcc-10.2.1-1.1/bin/../lib/gcc/arm-none-eabi/10.2.1/thumb/v7e-m+dp/hard\libgcc.a(unwind-arm.o)
 .text._Unwind_DebugHook
                0x0000000000403754        0x4 c:/workspace/tools/eclipse-embedcpp/xpack-arm-none-eabi-gcc-10.2.1-1.1/bin/../lib/gcc/arm-none-eabi/10.2.1/thumb/v7e-m+dp/hard\libgcc.a(unwind-arm.o)
 .text.unwind_phase2
                0x0000000000403758       0x3c c:/workspace/tools/eclipse-embedcpp/xpack-arm-none-eabi-gcc-10.2.1-1.1/bin/../lib/gcc/arm-none-eabi/10.2.1/thumb/v7e-m+dp/hard\libgcc.a(unwind-arm.o)
 .text.unwind_phase2_forced
                0x0000000000403794       0xcc c:/workspace/tools/eclipse-embedcpp/xpack-arm-none-eabi-gcc-10.2.1-1.1/bin/../lib/gcc/arm-none-eabi/10.2.1/thumb/v7e-m+dp/hard\libgcc.a(unwind-arm.o)
 .text.__gnu_Unwind_RaiseException
                0x0000000000403860       0x68 c:/workspace/tools/eclipse-embedcpp/xpack-arm-none-eabi-gcc-10.2.1-1.1/bin/../lib/gcc/arm-none-eabi/10.2.1/thumb/v7e-m+dp/hard\libgcc.a(unwind-arm.o)
                0x0000000000403860                __gnu_Unwind_RaiseException
 .text.__gnu_Unwind_ForcedUnwind
                0x00000000004038c8       0x10 c:/workspace/tools/eclipse-embedcpp/xpack-arm-none-eabi-gcc-10.2.1-1.1/bin/../lib/gcc/arm-none-eabi/10.2.1/thumb/v7e-m+dp/hard\libgcc.a(unwind-arm.o)
                0x00000000004038c8                __gnu_Unwind_ForcedUnwind
 .text.__gnu_Unwind_Resume
                0x00000000004038d8       0x44 c:/workspace/tools/eclipse-embedcpp/xpack-arm-none-eabi-gcc-10.2.1-1.1/bin/../lib/gcc/arm-none-eabi/10.2.1/thumb/v7e-m+dp/hard\libgcc.a(unwind-arm.o)
                0x00000000004038d8                __gnu_Unwind_Resume
 .text.__gnu_Unwind_Resume_or_Rethrow
                0x000000000040391c       0x14 c:/workspace/tools/eclipse-embedcpp/xpack-arm-none-eabi-gcc-10.2.1-1.1/bin/../lib/gcc/arm-none-eabi/10.2.1/thumb/v7e-m+dp/hard\libgcc.a(unwind-arm.o)
                0x000000000040391c                __gnu_Unwind_Resume_or_Rethrow
 .text._Unwind_VRS_Get
                0x0000000000403930       0x30 c:/workspace/tools/eclipse-embedcpp/xpack-arm-none-eabi-gcc-10.2.1-1.1/bin/../lib/gcc/arm-none-eabi/10.2.1/thumb/v7e-m+dp/hard\libgcc.a(unwind-arm.o)
                0x0000000000403930                _Unwind_VRS_Get
 .text._Unwind_GetGR
                0x0000000000403960       0x1c c:/workspace/tools/eclipse-embedcpp/xpack-arm-none-eabi-gcc-10.2.1-1.1/bin/../lib/gcc/arm-none-eabi/10.2.1/thumb/v7e-m+dp/hard\libgcc.a(unwind-arm.o)
 .text._Unwind_VRS_Set
                0x000000000040397c       0x30 c:/workspace/tools/eclipse-embedcpp/xpack-arm-none-eabi-gcc-10.2.1-1.1/bin/../lib/gcc/arm-none-eabi/10.2.1/thumb/v7e-m+dp/hard\libgcc.a(unwind-arm.o)
                0x000000000040397c                _Unwind_VRS_Set
 .text._Unwind_SetGR
                0x00000000004039ac       0x18 c:/workspace/tools/eclipse-embedcpp/xpack-arm-none-eabi-gcc-10.2.1-1.1/bin/../lib/gcc/arm-none-eabi/10.2.1/thumb/v7e-m+dp/hard\libgcc.a(unwind-arm.o)
 .text.__gnu_Unwind_Backtrace
                0x00000000004039c4       0x84 c:/workspace/tools/eclipse-embedcpp/xpack-arm-none-eabi-gcc-10.2.1-1.1/bin/../lib/gcc/arm-none-eabi/10.2.1/thumb/v7e-m+dp/hard\libgcc.a(unwind-arm.o)
                0x00000000004039c4                __gnu_Unwind_Backtrace
 .text.__gnu_unwind_pr_common
                0x0000000000403a48      0x2a8 c:/workspace/tools/eclipse-embedcpp/xpack-arm-none-eabi-gcc-10.2.1-1.1/bin/../lib/gcc/arm-none-eabi/10.2.1/thumb/v7e-m+dp/hard\libgcc.a(unwind-arm.o)
 .text.__aeabi_unwind_cpp_pr0
                0x0000000000403cf0        0x8 c:/workspace/tools/eclipse-embedcpp/xpack-arm-none-eabi-gcc-10.2.1-1.1/bin/../lib/gcc/arm-none-eabi/10.2.1/thumb/v7e-m+dp/hard\libgcc.a(unwind-arm.o)
                0x0000000000403cf0                __aeabi_unwind_cpp_pr0
 .text.__aeabi_unwind_cpp_pr1
                0x0000000000403cf8        0x8 c:/workspace/tools/eclipse-embedcpp/xpack-arm-none-eabi-gcc-10.2.1-1.1/bin/../lib/gcc/arm-none-eabi/10.2.1/thumb/v7e-m+dp/hard\libgcc.a(unwind-arm.o)
                0x0000000000403cf8                __aeabi_unwind_cpp_pr1
 .text.__aeabi_unwind_cpp_pr2
                0x0000000000403d00        0x8 c:/workspace/tools/eclipse-embedcpp/xpack-arm-none-eabi-gcc-10.2.1-1.1/bin/../lib/gcc/arm-none-eabi/10.2.1/thumb/v7e-m+dp/hard\libgcc.a(unwind-arm.o)
                0x0000000000403d00                __aeabi_unwind_cpp_pr2
 .text._Unwind_VRS_Pop
                0x0000000000403d08      0x284 c:/workspace/tools/eclipse-embedcpp/xpack-arm-none-eabi-gcc-10.2.1-1.1/bin/../lib/gcc/arm-none-eabi/10.2.1/thumb/v7e-m+dp/hard\libgcc.a(unwind-arm.o)
                0x0000000000403d08                _Unwind_VRS_Pop
 .text          0x0000000000403f8c      0x1ac c:/workspace/tools/eclipse-embedcpp/xpack-arm-none-eabi-gcc-10.2.1-1.1/bin/../lib/gcc/arm-none-eabi/10.2.1/thumb/v7e-m+dp/hard\libgcc.a(libunwind.o)
                0x0000000000403f8c                __restore_core_regs
                0x0000000000403f8c                restore_core_regs
                0x0000000000403fa4                __gnu_Unwind_Restore_VFP
                0x0000000000403fac                __gnu_Unwind_Save_VFP
                0x0000000000403fb4                __gnu_Unwind_Restore_VFP_D
                0x0000000000403fbc                __gnu_Unwind_Save_VFP_D
                0x0000000000403fc4                __gnu_Unwind_Restore_VFP_D_16_to_31
                0x0000000000403fcc                __gnu_Unwind_Save_VFP_D_16_to_31
                0x0000000000403fd4                __gnu_Unwind_Restore_WMMXD
                0x0000000000404018                __gnu_Unwind_Save_WMMXD
                0x000000000040405c                __gnu_Unwind_Restore_WMMXC
                0x0000000000404070                __gnu_Unwind_Save_WMMXC
                0x0000000000404084                ___Unwind_RaiseException
                0x0000000000404084                _Unwind_RaiseException
                0x00000000004040a8                _Unwind_Resume
                0x00000000004040a8                ___Unwind_Resume
                0x00000000004040cc                _Unwind_Resume_or_Rethrow
                0x00000000004040cc                ___Unwind_Resume_or_Rethrow
                0x00000000004040f0                _Unwind_ForcedUnwind
                0x00000000004040f0                ___Unwind_ForcedUnwind
                0x0000000000404114                ___Unwind_Backtrace
                0x0000000000404114                _Unwind_Backtrace
 .text.next_unwind_byte
                0x0000000000404138       0x38 c:/workspace/tools/eclipse-embedcpp/xpack-arm-none-eabi-gcc-10.2.1-1.1/bin/../lib/gcc/arm-none-eabi/10.2.1/thumb/v7e-m+dp/hard\libgcc.a(pr-support.o)
 .text.__gnu_unwind_execute
                0x0000000000404170      0x2ac c:/workspace/tools/eclipse-embedcpp/xpack-arm-none-eabi-gcc-10.2.1-1.1/bin/../lib/gcc/arm-none-eabi/10.2.1/thumb/v7e-m+dp/hard\libgcc.a(pr-support.o)
                0x0000000000404170                __gnu_unwind_execute
 .text.abort    0x000000000040441c       0x10 c:/workspace/tools/eclipse-embedcpp/xpack-arm-none-eabi-gcc-10.2.1-1.1/bin/../lib/gcc/arm-none-eabi/10.2.1/../../../../arm-none-eabi/lib/thumb/v7e-m+dp/hard\libg.a(lib_a-abort.o)
                0x000000000040441c                abort
 .text.__libc_init_array
                0x000000000040442c       0x48 c:/workspace/tools/eclipse-embedcpp/xpack-arm-none-eabi-gcc-10.2.1-1.1/bin/../lib/gcc/arm-none-eabi/10.2.1/../../../../arm-none-eabi/lib/thumb/v7e-m+dp/hard\libg.a(lib_a-init.o)
                0x000000000040442c                __libc_init_array
 .text          0x0000000000404474      0x134 c:/workspace/tools/eclipse-embedcpp/xpack-arm-none-eabi-gcc-10.2.1-1.1/bin/../lib/gcc/arm-none-eabi/10.2.1/../../../../arm-none-eabi/lib/thumb/v7e-m+dp/hard\libg.a(lib_a-memcpy.o)
                0x0000000000404474                memcpy
 .text.memset   0x00000000004045a8       0xa4 c:/workspace/tools/eclipse-embedcpp/xpack-arm-none-eabi-gcc-10.2.1-1.1/bin/../lib/gcc/arm-none-eabi/10.2.1/../../../../arm-none-eabi/lib/thumb/v7e-m+dp/hard\libg.a(lib_a-memset.o)
                0x00000000004045a8                memset
 .text.printf   0x000000000040464c       0x28 c:/workspace/tools/eclipse-embedcpp/xpack-arm-none-eabi-gcc-10.2.1-1.1/bin/../lib/gcc/arm-none-eabi/10.2.1/../../../../arm-none-eabi/lib/thumb/v7e-m+dp/hard\libg.a(lib_a-printf.o)
                0x000000000040464c                printf
 .text._puts_r  0x0000000000404674       0x9c c:/workspace/tools/eclipse-embedcpp/xpack-arm-none-eabi-gcc-10.2.1-1.1/bin/../lib/gcc/arm-none-eabi/10.2.1/../../../../arm-none-eabi/lib/thumb/v7e-m+dp/hard\libg.a(lib_a-puts.o)
                0x0000000000404674                _puts_r
 .text.puts     0x0000000000404710       0x10 c:/workspace/tools/eclipse-embedcpp/xpack-arm-none-eabi-gcc-10.2.1-1.1/bin/../lib/gcc/arm-none-eabi/10.2.1/../../../../arm-none-eabi/lib/thumb/v7e-m+dp/hard\libg.a(lib_a-puts.o)
                0x0000000000404710                puts
 .text.setbuf   0x0000000000404720       0x10 c:/workspace/tools/eclipse-embedcpp/xpack-arm-none-eabi-gcc-10.2.1-1.1/bin/../lib/gcc/arm-none-eabi/10.2.1/../../../../arm-none-eabi/lib/thumb/v7e-m+dp/hard\libg.a(lib_a-setbuf.o)
                0x0000000000404720                setbuf
 .text.setvbuf  0x0000000000404730      0x1b0 c:/workspace/tools/eclipse-embedcpp/xpack-arm-none-eabi-gcc-10.2.1-1.1/bin/../lib/gcc/arm-none-eabi/10.2.1/../../../../arm-none-eabi/lib/thumb/v7e-m+dp/hard\libg.a(lib_a-setvbuf.o)
                0x0000000000404730                setvbuf
 .text.raise    0x00000000004048e0       0x5c c:/workspace/tools/eclipse-embedcpp/xpack-arm-none-eabi-gcc-10.2.1-1.1/bin/../lib/gcc/arm-none-eabi/10.2.1/../../../../arm-none-eabi/lib/thumb/v7e-m+dp/hard\libg.a(lib_a-signal.o)
                0x00000000004048e0                raise
 .text._kill_r  0x000000000040493c       0x2c c:/workspace/tools/eclipse-embedcpp/xpack-arm-none-eabi-gcc-10.2.1-1.1/bin/../lib/gcc/arm-none-eabi/10.2.1/../../../../arm-none-eabi/lib/thumb/v7e-m+dp/hard\libg.a(lib_a-signalr.o)
                0x000000000040493c                _kill_r
 .text._getpid_r
                0x0000000000404968        0x4 c:/workspace/tools/eclipse-embedcpp/xpack-arm-none-eabi-gcc-10.2.1-1.1/bin/../lib/gcc/arm-none-eabi/10.2.1/../../../../arm-none-eabi/lib/thumb/v7e-m+dp/hard\libg.a(lib_a-signalr.o)
                0x0000000000404968                _getpid_r
 *fill*         0x000000000040496c       0x14 
 .text          0x0000000000404980       0xdc c:/workspace/tools/eclipse-embedcpp/xpack-arm-none-eabi-gcc-10.2.1-1.1/bin/../lib/gcc/arm-none-eabi/10.2.1/../../../../arm-none-eabi/lib/thumb/v7e-m+dp/hard\libg.a(lib_a-strlen.o)
                0x0000000000404980                strlen
 *fill*         0x0000000000404a5c        0x4 
 .text._vfprintf_r
                0x0000000000404a60     0x1aa0 c:/workspace/tools/eclipse-embedcpp/xpack-arm-none-eabi-gcc-10.2.1-1.1/bin/../lib/gcc/arm-none-eabi/10.2.1/../../../../arm-none-eabi/lib/thumb/v7e-m+dp/hard\libg.a(lib_a-vfprintf.o)
                0x0000000000404a60                _vfprintf_r
 .text.__sbprintf
                0x0000000000406500       0x80 c:/workspace/tools/eclipse-embedcpp/xpack-arm-none-eabi-gcc-10.2.1-1.1/bin/../lib/gcc/arm-none-eabi/10.2.1/../../../../arm-none-eabi/lib/thumb/v7e-m+dp/hard\libg.a(lib_a-vfprintf.o)
 .text.__swsetup_r
                0x0000000000406580       0xd4 c:/workspace/tools/eclipse-embedcpp/xpack-arm-none-eabi-gcc-10.2.1-1.1/bin/../lib/gcc/arm-none-eabi/10.2.1/../../../../arm-none-eabi/lib/thumb/v7e-m+dp/hard\libg.a(lib_a-wsetup.o)
                0x0000000000406580                __swsetup_r
 .text.startup.register_fini
                0x0000000000406654       0x14 c:/workspace/tools/eclipse-embedcpp/xpack-arm-none-eabi-gcc-10.2.1-1.1/bin/../lib/gcc/arm-none-eabi/10.2.1/../../../../arm-none-eabi/lib/thumb/v7e-m+dp/hard\libg.a(lib_a-__call_atexit.o)
 .text.quorem   0x0000000000406668      0x128 c:/workspace/tools/eclipse-embedcpp/xpack-arm-none-eabi-gcc-10.2.1-1.1/bin/../lib/gcc/arm-none-eabi/10.2.1/../../../../arm-none-eabi/lib/thumb/v7e-m+dp/hard\libg.a(lib_a-dtoa.o)
 .text._dtoa_r  0x0000000000406790      0xcd8 c:/workspace/tools/eclipse-embedcpp/xpack-arm-none-eabi-gcc-10.2.1-1.1/bin/../lib/gcc/arm-none-eabi/10.2.1/../../../../arm-none-eabi/lib/thumb/v7e-m+dp/hard\libg.a(lib_a-dtoa.o)
                0x0000000000406790                _dtoa_r
 .text.__sflush_r
                0x0000000000407468      0x130 c:/workspace/tools/eclipse-embedcpp/xpack-arm-none-eabi-gcc-10.2.1-1.1/bin/../lib/gcc/arm-none-eabi/10.2.1/../../../../arm-none-eabi/lib/thumb/v7e-m+dp/hard\libg.a(lib_a-fflush.o)
                0x0000000000407468                __sflush_r
 .text._fflush_r
                0x0000000000407598       0x5c c:/workspace/tools/eclipse-embedcpp/xpack-arm-none-eabi-gcc-10.2.1-1.1/bin/../lib/gcc/arm-none-eabi/10.2.1/../../../../arm-none-eabi/lib/thumb/v7e-m+dp/hard\libg.a(lib_a-fflush.o)
                0x0000000000407598                _fflush_r
 .text._cleanup_r
                0x00000000004075f4        0xc c:/workspace/tools/eclipse-embedcpp/xpack-arm-none-eabi-gcc-10.2.1-1.1/bin/../lib/gcc/arm-none-eabi/10.2.1/../../../../arm-none-eabi/lib/thumb/v7e-m+dp/hard\libg.a(lib_a-findfp.o)
                0x00000000004075f4                _cleanup_r
 .text.__sinit  0x0000000000407600      0x10c c:/workspace/tools/eclipse-embedcpp/xpack-arm-none-eabi-gcc-10.2.1-1.1/bin/../lib/gcc/arm-none-eabi/10.2.1/../../../../arm-none-eabi/lib/thumb/v7e-m+dp/hard\libg.a(lib_a-findfp.o)
                0x0000000000407600                __sinit
 .text.__sfp_lock_acquire
                0x000000000040770c        0xc c:/workspace/tools/eclipse-embedcpp/xpack-arm-none-eabi-gcc-10.2.1-1.1/bin/../lib/gcc/arm-none-eabi/10.2.1/../../../../arm-none-eabi/lib/thumb/v7e-m+dp/hard\libg.a(lib_a-findfp.o)
                0x000000000040770c                __sfp_lock_acquire
 .text.__sfp_lock_release
                0x0000000000407718        0xc c:/workspace/tools/eclipse-embedcpp/xpack-arm-none-eabi-gcc-10.2.1-1.1/bin/../lib/gcc/arm-none-eabi/10.2.1/../../../../arm-none-eabi/lib/thumb/v7e-m+dp/hard\libg.a(lib_a-findfp.o)
                0x0000000000407718                __sfp_lock_release
 .text.__libc_fini_array
                0x0000000000407724       0x2c c:/workspace/tools/eclipse-embedcpp/xpack-arm-none-eabi-gcc-10.2.1-1.1/bin/../lib/gcc/arm-none-eabi/10.2.1/../../../../arm-none-eabi/lib/thumb/v7e-m+dp/hard\libg.a(lib_a-fini.o)
                0x0000000000407724                __libc_fini_array
 .text._malloc_trim_r
                0x0000000000407750       0xa0 c:/workspace/tools/eclipse-embedcpp/xpack-arm-none-eabi-gcc-10.2.1-1.1/bin/../lib/gcc/arm-none-eabi/10.2.1/../../../../arm-none-eabi/lib/thumb/v7e-m+dp/hard\libg.a(lib_a-freer.o)
                0x0000000000407750                _malloc_trim_r
 .text._free_r  0x00000000004077f0      0x20c c:/workspace/tools/eclipse-embedcpp/xpack-arm-none-eabi-gcc-10.2.1-1.1/bin/../lib/gcc/arm-none-eabi/10.2.1/../../../../arm-none-eabi/lib/thumb/v7e-m+dp/hard\libg.a(lib_a-freer.o)
                0x00000000004077f0                _free_r
 .text.__sfvwrite_r
                0x00000000004079fc      0x2f0 c:/workspace/tools/eclipse-embedcpp/xpack-arm-none-eabi-gcc-10.2.1-1.1/bin/../lib/gcc/arm-none-eabi/10.2.1/../../../../arm-none-eabi/lib/thumb/v7e-m+dp/hard\libg.a(lib_a-fvwrite.o)
                0x00000000004079fc                __sfvwrite_r
 .text._fwalk_reent
                0x0000000000407cec       0x48 c:/workspace/tools/eclipse-embedcpp/xpack-arm-none-eabi-gcc-10.2.1-1.1/bin/../lib/gcc/arm-none-eabi/10.2.1/../../../../arm-none-eabi/lib/thumb/v7e-m+dp/hard\libg.a(lib_a-fwalk.o)
                0x0000000000407cec                _fwalk_reent
 .text._localeconv_r
                0x0000000000407d34        0x8 c:/workspace/tools/eclipse-embedcpp/xpack-arm-none-eabi-gcc-10.2.1-1.1/bin/../lib/gcc/arm-none-eabi/10.2.1/../../../../arm-none-eabi/lib/thumb/v7e-m+dp/hard\libg.a(lib_a-localeconv.o)
                0x0000000000407d34                _localeconv_r
 .text.__locale_mb_cur_max
                0x0000000000407d3c        0xc c:/workspace/tools/eclipse-embedcpp/xpack-arm-none-eabi-gcc-10.2.1-1.1/bin/../lib/gcc/arm-none-eabi/10.2.1/../../../../arm-none-eabi/lib/thumb/v7e-m+dp/hard\libg.a(lib_a-locale.o)
                0x0000000000407d3c                __locale_mb_cur_max
 .text.__retarget_lock_init_recursive
                0x0000000000407d48        0x4 c:/workspace/tools/eclipse-embedcpp/xpack-arm-none-eabi-gcc-10.2.1-1.1/bin/../lib/gcc/arm-none-eabi/10.2.1/../../../../arm-none-eabi/lib/thumb/v7e-m+dp/hard\libg.a(lib_a-lock.o)
                0x0000000000407d48                __retarget_lock_init_recursive
 .text.__retarget_lock_close_recursive
                0x0000000000407d4c        0x4 c:/workspace/tools/eclipse-embedcpp/xpack-arm-none-eabi-gcc-10.2.1-1.1/bin/../lib/gcc/arm-none-eabi/10.2.1/../../../../arm-none-eabi/lib/thumb/v7e-m+dp/hard\libg.a(lib_a-lock.o)
                0x0000000000407d4c                __retarget_lock_close_recursive
 .text.__retarget_lock_acquire_recursive
                0x0000000000407d50        0x4 c:/workspace/tools/eclipse-embedcpp/xpack-arm-none-eabi-gcc-10.2.1-1.1/bin/../lib/gcc/arm-none-eabi/10.2.1/../../../../arm-none-eabi/lib/thumb/v7e-m+dp/hard\libg.a(lib_a-lock.o)
                0x0000000000407d50                __retarget_lock_acquire_recursive
 .text.__retarget_lock_release_recursive
                0x0000000000407d54        0x4 c:/workspace/tools/eclipse-embedcpp/xpack-arm-none-eabi-gcc-10.2.1-1.1/bin/../lib/gcc/arm-none-eabi/10.2.1/../../../../arm-none-eabi/lib/thumb/v7e-m+dp/hard\libg.a(lib_a-lock.o)
                0x0000000000407d54                __retarget_lock_release_recursive
 .text.__smakebuf_r
                0x0000000000407d58       0xe0 c:/workspace/tools/eclipse-embedcpp/xpack-arm-none-eabi-gcc-10.2.1-1.1/bin/../lib/gcc/arm-none-eabi/10.2.1/../../../../arm-none-eabi/lib/thumb/v7e-m+dp/hard\libg.a(lib_a-makebuf.o)
                0x0000000000407d58                __smakebuf_r
 .text.__swhatbuf_r
                0x0000000000407e38       0x60 c:/workspace/tools/eclipse-embedcpp/xpack-arm-none-eabi-gcc-10.2.1-1.1/bin/../lib/gcc/arm-none-eabi/10.2.1/../../../../arm-none-eabi/lib/thumb/v7e-m+dp/hard\libg.a(lib_a-makebuf.o)
                0x0000000000407e38                __swhatbuf_r
 .text.malloc   0x0000000000407e98       0x10 c:/workspace/tools/eclipse-embedcpp/xpack-arm-none-eabi-gcc-10.2.1-1.1/bin/../lib/gcc/arm-none-eabi/10.2.1/../../../../arm-none-eabi/lib/thumb/v7e-m+dp/hard\libg.a(lib_a-malloc.o)
                0x0000000000407e98                malloc
 .text._malloc_r
                0x0000000000407ea8      0x560 c:/workspace/tools/eclipse-embedcpp/xpack-arm-none-eabi-gcc-10.2.1-1.1/bin/../lib/gcc/arm-none-eabi/10.2.1/../../../../arm-none-eabi/lib/thumb/v7e-m+dp/hard\libg.a(lib_a-mallocr.o)
                0x0000000000407ea8                _malloc_r
 .text.__ascii_mbtowc
                0x0000000000408408       0x2c c:/workspace/tools/eclipse-embedcpp/xpack-arm-none-eabi-gcc-10.2.1-1.1/bin/../lib/gcc/arm-none-eabi/10.2.1/../../../../arm-none-eabi/lib/thumb/v7e-m+dp/hard\libg.a(lib_a-mbtowc_r.o)
                0x0000000000408408                __ascii_mbtowc
 *fill*         0x0000000000408434        0xc 
 .text          0x0000000000408440       0xa0 c:/workspace/tools/eclipse-embedcpp/xpack-arm-none-eabi-gcc-10.2.1-1.1/bin/../lib/gcc/arm-none-eabi/10.2.1/../../../../arm-none-eabi/lib/thumb/v7e-m+dp/hard\libg.a(lib_a-memchr.o)
                0x0000000000408440                memchr
 .text.memmove  0x00000000004084e0       0xf8 c:/workspace/tools/eclipse-embedcpp/xpack-arm-none-eabi-gcc-10.2.1-1.1/bin/../lib/gcc/arm-none-eabi/10.2.1/../../../../arm-none-eabi/lib/thumb/v7e-m+dp/hard\libg.a(lib_a-memmove.o)
                0x00000000004084e0                memmove
 .text.__malloc_lock
                0x00000000004085d8        0xc c:/workspace/tools/eclipse-embedcpp/xpack-arm-none-eabi-gcc-10.2.1-1.1/bin/../lib/gcc/arm-none-eabi/10.2.1/../../../../arm-none-eabi/lib/thumb/v7e-m+dp/hard\libg.a(lib_a-mlock.o)
                0x00000000004085d8                __malloc_lock
 .text.__malloc_unlock
                0x00000000004085e4        0xc c:/workspace/tools/eclipse-embedcpp/xpack-arm-none-eabi-gcc-10.2.1-1.1/bin/../lib/gcc/arm-none-eabi/10.2.1/../../../../arm-none-eabi/lib/thumb/v7e-m+dp/hard\libg.a(lib_a-mlock.o)
                0x00000000004085e4                __malloc_unlock
 .text._Balloc  0x00000000004085f0       0x4c c:/workspace/tools/eclipse-embedcpp/xpack-arm-none-eabi-gcc-10.2.1-1.1/bin/../lib/gcc/arm-none-eabi/10.2.1/../../../../arm-none-eabi/lib/thumb/v7e-m+dp/hard\libg.a(lib_a-mprec.o)
                0x00000000004085f0                _Balloc
 .text._Bfree   0x000000000040863c       0x14 c:/workspace/tools/eclipse-embedcpp/xpack-arm-none-eabi-gcc-10.2.1-1.1/bin/../lib/gcc/arm-none-eabi/10.2.1/../../../../arm-none-eabi/lib/thumb/v7e-m+dp/hard\libg.a(lib_a-mprec.o)
                0x000000000040863c                _Bfree
 .text.__multadd
                0x0000000000408650       0xa8 c:/workspace/tools/eclipse-embedcpp/xpack-arm-none-eabi-gcc-10.2.1-1.1/bin/../lib/gcc/arm-none-eabi/10.2.1/../../../../arm-none-eabi/lib/thumb/v7e-m+dp/hard\libg.a(lib_a-mprec.o)
                0x0000000000408650                __multadd
 .text.__hi0bits
                0x00000000004086f8       0x40 c:/workspace/tools/eclipse-embedcpp/xpack-arm-none-eabi-gcc-10.2.1-1.1/bin/../lib/gcc/arm-none-eabi/10.2.1/../../../../arm-none-eabi/lib/thumb/v7e-m+dp/hard\libg.a(lib_a-mprec.o)
                0x00000000004086f8                __hi0bits
 .text.__lo0bits
                0x0000000000408738       0x60 c:/workspace/tools/eclipse-embedcpp/xpack-arm-none-eabi-gcc-10.2.1-1.1/bin/../lib/gcc/arm-none-eabi/10.2.1/../../../../arm-none-eabi/lib/thumb/v7e-m+dp/hard\libg.a(lib_a-mprec.o)
                0x0000000000408738                __lo0bits
 .text.__i2b    0x0000000000408798       0x5c c:/workspace/tools/eclipse-embedcpp/xpack-arm-none-eabi-gcc-10.2.1-1.1/bin/../lib/gcc/arm-none-eabi/10.2.1/../../../../arm-none-eabi/lib/thumb/v7e-m+dp/hard\libg.a(lib_a-mprec.o)
                0x0000000000408798                __i2b
 .text.__multiply
                0x00000000004087f4      0x158 c:/workspace/tools/eclipse-embedcpp/xpack-arm-none-eabi-gcc-10.2.1-1.1/bin/../lib/gcc/arm-none-eabi/10.2.1/../../../../arm-none-eabi/lib/thumb/v7e-m+dp/hard\libg.a(lib_a-mprec.o)
                0x00000000004087f4                __multiply
 .text.__pow5mult
                0x000000000040894c       0xc0 c:/workspace/tools/eclipse-embedcpp/xpack-arm-none-eabi-gcc-10.2.1-1.1/bin/../lib/gcc/arm-none-eabi/10.2.1/../../../../arm-none-eabi/lib/thumb/v7e-m+dp/hard\libg.a(lib_a-mprec.o)
                0x000000000040894c                __pow5mult
 .text.__lshift
                0x0000000000408a0c       0xf0 c:/workspace/tools/eclipse-embedcpp/xpack-arm-none-eabi-gcc-10.2.1-1.1/bin/../lib/gcc/arm-none-eabi/10.2.1/../../../../arm-none-eabi/lib/thumb/v7e-m+dp/hard\libg.a(lib_a-mprec.o)
                0x0000000000408a0c                __lshift
 .text.__mcmp   0x0000000000408afc       0x44 c:/workspace/tools/eclipse-embedcpp/xpack-arm-none-eabi-gcc-10.2.1-1.1/bin/../lib/gcc/arm-none-eabi/10.2.1/../../../../arm-none-eabi/lib/thumb/v7e-m+dp/hard\libg.a(lib_a-mprec.o)
                0x0000000000408afc                __mcmp
 .text.__mdiff  0x0000000000408b40      0x14c c:/workspace/tools/eclipse-embedcpp/xpack-arm-none-eabi-gcc-10.2.1-1.1/bin/../lib/gcc/arm-none-eabi/10.2.1/../../../../arm-none-eabi/lib/thumb/v7e-m+dp/hard\libg.a(lib_a-mprec.o)
                0x0000000000408b40                __mdiff
 .text.__d2b    0x0000000000408c8c       0xd0 c:/workspace/tools/eclipse-embedcpp/xpack-arm-none-eabi-gcc-10.2.1-1.1/bin/../lib/gcc/arm-none-eabi/10.2.1/../../../../arm-none-eabi/lib/thumb/v7e-m+dp/hard\libg.a(lib_a-mprec.o)
                0x0000000000408c8c                __d2b
 .text._realloc_r
                0x0000000000408d5c      0x3d8 c:/workspace/tools/eclipse-embedcpp/xpack-arm-none-eabi-gcc-10.2.1-1.1/bin/../lib/gcc/arm-none-eabi/10.2.1/../../../../arm-none-eabi/lib/thumb/v7e-m+dp/hard\libg.a(lib_a-reallocr.o)
                0x0000000000408d5c                _realloc_r
 .text._sbrk_r  0x0000000000409134       0x24 c:/workspace/tools/eclipse-embedcpp/xpack-arm-none-eabi-gcc-10.2.1-1.1/bin/../lib/gcc/arm-none-eabi/10.2.1/../../../../arm-none-eabi/lib/thumb/v7e-m+dp/hard\libg.a(lib_a-sbrkr.o)
                0x0000000000409134                _sbrk_r
 .text.frexp    0x0000000000409158       0x78 c:/workspace/tools/eclipse-embedcpp/xpack-arm-none-eabi-gcc-10.2.1-1.1/bin/../lib/gcc/arm-none-eabi/10.2.1/../../../../arm-none-eabi/lib/thumb/v7e-m+dp/hard\libg.a(lib_a-s_frexp.o)
                0x0000000000409158                frexp
 .text.__sread  0x00000000004091d0       0x24 c:/workspace/tools/eclipse-embedcpp/xpack-arm-none-eabi-gcc-10.2.1-1.1/bin/../lib/gcc/arm-none-eabi/10.2.1/../../../../arm-none-eabi/lib/thumb/v7e-m+dp/hard\libg.a(lib_a-stdio.o)
                0x00000000004091d0                __sread
 .text.__swrite
                0x00000000004091f4       0x40 c:/workspace/tools/eclipse-embedcpp/xpack-arm-none-eabi-gcc-10.2.1-1.1/bin/../lib/gcc/arm-none-eabi/10.2.1/../../../../arm-none-eabi/lib/thumb/v7e-m+dp/hard\libg.a(lib_a-stdio.o)
                0x00000000004091f4                __swrite
 .text.__sseek  0x0000000000409234       0x20 c:/workspace/tools/eclipse-embedcpp/xpack-arm-none-eabi-gcc-10.2.1-1.1/bin/../lib/gcc/arm-none-eabi/10.2.1/../../../../arm-none-eabi/lib/thumb/v7e-m+dp/hard\libg.a(lib_a-stdio.o)
                0x0000000000409234                __sseek
 .text.__sclose
                0x0000000000409254        0x8 c:/workspace/tools/eclipse-embedcpp/xpack-arm-none-eabi-gcc-10.2.1-1.1/bin/../lib/gcc/arm-none-eabi/10.2.1/../../../../arm-none-eabi/lib/thumb/v7e-m+dp/hard\libg.a(lib_a-stdio.o)
                0x0000000000409254                __sclose
 .text.strncpy  0x000000000040925c       0x64 c:/workspace/tools/eclipse-embedcpp/xpack-arm-none-eabi-gcc-10.2.1-1.1/bin/../lib/gcc/arm-none-eabi/10.2.1/../../../../arm-none-eabi/lib/thumb/v7e-m+dp/hard\libg.a(lib_a-strncpy.o)
                0x000000000040925c                strncpy
 .text.__sprint_r.part.0
                0x00000000004092c0       0x78 c:/workspace/tools/eclipse-embedcpp/xpack-arm-none-eabi-gcc-10.2.1-1.1/bin/../lib/gcc/arm-none-eabi/10.2.1/../../../../arm-none-eabi/lib/thumb/v7e-m+dp/hard\libg.a(lib_a-vfiprintf.o)
 .text.__sprint_r
                0x0000000000409338       0x18 c:/workspace/tools/eclipse-embedcpp/xpack-arm-none-eabi-gcc-10.2.1-1.1/bin/../lib/gcc/arm-none-eabi/10.2.1/../../../../arm-none-eabi/lib/thumb/v7e-m+dp/hard\libg.a(lib_a-vfiprintf.o)
                0x0000000000409338                __sprint_r
 .text._vfiprintf_r
                0x0000000000409350      0xdf4 c:/workspace/tools/eclipse-embedcpp/xpack-arm-none-eabi-gcc-10.2.1-1.1/bin/../lib/gcc/arm-none-eabi/10.2.1/../../../../arm-none-eabi/lib/thumb/v7e-m+dp/hard\libg.a(lib_a-vfiprintf.o)
                0x0000000000409350                _vfiprintf_r
 .text.__sbprintf
                0x000000000040a144       0x80 c:/workspace/tools/eclipse-embedcpp/xpack-arm-none-eabi-gcc-10.2.1-1.1/bin/../lib/gcc/arm-none-eabi/10.2.1/../../../../arm-none-eabi/lib/thumb/v7e-m+dp/hard\libg.a(lib_a-vfiprintf.o)
 .text.__ascii_wctomb
                0x000000000040a1c4       0x1c c:/workspace/tools/eclipse-embedcpp/xpack-arm-none-eabi-gcc-10.2.1-1.1/bin/../lib/gcc/arm-none-eabi/10.2.1/../../../../arm-none-eabi/lib/thumb/v7e-m+dp/hard\libg.a(lib_a-wctomb_r.o)
                0x000000000040a1c4                __ascii_wctomb
 .text._write_r
                0x000000000040a1e0       0x2c c:/workspace/tools/eclipse-embedcpp/xpack-arm-none-eabi-gcc-10.2.1-1.1/bin/../lib/gcc/arm-none-eabi/10.2.1/../../../../arm-none-eabi/lib/thumb/v7e-m+dp/hard\libg.a(lib_a-writer.o)
                0x000000000040a1e0                _write_r
 .text.__assert_func
                0x000000000040a20c       0x40 c:/workspace/tools/eclipse-embedcpp/xpack-arm-none-eabi-gcc-10.2.1-1.1/bin/../lib/gcc/arm-none-eabi/10.2.1/../../../../arm-none-eabi/lib/thumb/v7e-m+dp/hard\libg.a(lib_a-assert.o)
                0x000000000040a20c                __assert_func
 .text.atexit   0x000000000040a24c        0xc c:/workspace/tools/eclipse-embedcpp/xpack-arm-none-eabi-gcc-10.2.1-1.1/bin/../lib/gcc/arm-none-eabi/10.2.1/../../../../arm-none-eabi/lib/thumb/v7e-m+dp/hard\libg.a(lib_a-atexit.o)
                0x000000000040a24c                atexit
 .text._calloc_r
                0x000000000040a258       0x60 c:/workspace/tools/eclipse-embedcpp/xpack-arm-none-eabi-gcc-10.2.1-1.1/bin/../lib/gcc/arm-none-eabi/10.2.1/../../../../arm-none-eabi/lib/thumb/v7e-m+dp/hard\libg.a(lib_a-callocr.o)
                0x000000000040a258                _calloc_r
 .text._close_r
                0x000000000040a2b8       0x24 c:/workspace/tools/eclipse-embedcpp/xpack-arm-none-eabi-gcc-10.2.1-1.1/bin/../lib/gcc/arm-none-eabi/10.2.1/../../../../arm-none-eabi/lib/thumb/v7e-m+dp/hard\libg.a(lib_a-closer.o)
                0x000000000040a2b8                _close_r
 .text._fclose_r
                0x000000000040a2dc       0xcc c:/workspace/tools/eclipse-embedcpp/xpack-arm-none-eabi-gcc-10.2.1-1.1/bin/../lib/gcc/arm-none-eabi/10.2.1/../../../../arm-none-eabi/lib/thumb/v7e-m+dp/hard\libg.a(lib_a-fclose.o)
                0x000000000040a2dc                _fclose_r
 .text.fiprintf
                0x000000000040a3a8       0x28 c:/workspace/tools/eclipse-embedcpp/xpack-arm-none-eabi-gcc-10.2.1-1.1/bin/../lib/gcc/arm-none-eabi/10.2.1/../../../../arm-none-eabi/lib/thumb/v7e-m+dp/hard\libg.a(lib_a-fiprintf.o)
                0x000000000040a3a8                fiprintf
 .text.__fputwc
                0x000000000040a3d0       0xa8 c:/workspace/tools/eclipse-embedcpp/xpack-arm-none-eabi-gcc-10.2.1-1.1/bin/../lib/gcc/arm-none-eabi/10.2.1/../../../../arm-none-eabi/lib/thumb/v7e-m+dp/hard\libg.a(lib_a-fputwc.o)
                0x000000000040a3d0                __fputwc
 .text._fputwc_r
                0x000000000040a478       0x68 c:/workspace/tools/eclipse-embedcpp/xpack-arm-none-eabi-gcc-10.2.1-1.1/bin/../lib/gcc/arm-none-eabi/10.2.1/../../../../arm-none-eabi/lib/thumb/v7e-m+dp/hard\libg.a(lib_a-fputwc.o)
                0x000000000040a478                _fputwc_r
 .text._fstat_r
                0x000000000040a4e0       0x2c c:/workspace/tools/eclipse-embedcpp/xpack-arm-none-eabi-gcc-10.2.1-1.1/bin/../lib/gcc/arm-none-eabi/10.2.1/../../../../arm-none-eabi/lib/thumb/v7e-m+dp/hard\libg.a(lib_a-fstatr.o)
                0x000000000040a4e0                _fstat_r
 .text._isatty_r
                0x000000000040a50c       0x24 c:/workspace/tools/eclipse-embedcpp/xpack-arm-none-eabi-gcc-10.2.1-1.1/bin/../lib/gcc/arm-none-eabi/10.2.1/../../../../arm-none-eabi/lib/thumb/v7e-m+dp/hard\libg.a(lib_a-isattyr.o)
                0x000000000040a50c                _isatty_r
 .text._lseek_r
                0x000000000040a530       0x2c c:/workspace/tools/eclipse-embedcpp/xpack-arm-none-eabi-gcc-10.2.1-1.1/bin/../lib/gcc/arm-none-eabi/10.2.1/../../../../arm-none-eabi/lib/thumb/v7e-m+dp/hard\libg.a(lib_a-lseekr.o)
                0x000000000040a530                _lseek_r
 .text._read_r  0x000000000040a55c       0x2c c:/workspace/tools/eclipse-embedcpp/xpack-arm-none-eabi-gcc-10.2.1-1.1/bin/../lib/gcc/arm-none-eabi/10.2.1/../../../../arm-none-eabi/lib/thumb/v7e-m+dp/hard\libg.a(lib_a-readr.o)
                0x000000000040a55c                _read_r
 .text.__swbuf_r
                0x000000000040a588       0xb0 c:/workspace/tools/eclipse-embedcpp/xpack-arm-none-eabi-gcc-10.2.1-1.1/bin/../lib/gcc/arm-none-eabi/10.2.1/../../../../arm-none-eabi/lib/thumb/v7e-m+dp/hard\libg.a(lib_a-wbuf.o)
                0x000000000040a588                __swbuf_r
 .text._wcrtomb_r
                0x000000000040a638       0x3c c:/workspace/tools/eclipse-embedcpp/xpack-arm-none-eabi-gcc-10.2.1-1.1/bin/../lib/gcc/arm-none-eabi/10.2.1/../../../../arm-none-eabi/lib/thumb/v7e-m+dp/hard\libg.a(lib_a-wcrtomb.o)
                0x000000000040a638                _wcrtomb_r
 .text.__register_exitproc
                0x000000000040a674       0x8c c:/workspace/tools/eclipse-embedcpp/xpack-arm-none-eabi-gcc-10.2.1-1.1/bin/../lib/gcc/arm-none-eabi/10.2.1/../../../../arm-none-eabi/lib/thumb/v7e-m+dp/hard\libg.a(lib_a-__atexit.o)
                0x000000000040a674                __register_exitproc
 .text          0x000000000040a700       0x30 c:/workspace/tools/eclipse-embedcpp/xpack-arm-none-eabi-gcc-10.2.1-1.1/bin/../lib/gcc/arm-none-eabi/10.2.1/thumb/v7e-m+dp/hard\libgcc.a(_aeabi_uldivmod.o)
                0x000000000040a700                __aeabi_uldivmod
 .text.__udivmoddi4
                0x000000000040a730      0x2d0 c:/workspace/tools/eclipse-embedcpp/xpack-arm-none-eabi-gcc-10.2.1-1.1/bin/../lib/gcc/arm-none-eabi/10.2.1/thumb/v7e-m+dp/hard\libgcc.a(_udivmoddi4.o)
                0x000000000040a730                __udivmoddi4
 .text          0x000000000040aa00        0x4 c:/workspace/tools/eclipse-embedcpp/xpack-arm-none-eabi-gcc-10.2.1-1.1/bin/../lib/gcc/arm-none-eabi/10.2.1/thumb/v7e-m+dp/hard\libgcc.a(_dvmd_tls.o)
                0x000000000040aa00                __aeabi_idiv0
                0x000000000040aa00                __aeabi_ldiv0
 *(.glue_7t)
 .glue_7t       0x000000000040aa04        0x0 linker stubs
 *(.glue_7)
 .glue_7        0x000000000040aa04        0x0 linker stubs
 *(.rodata .rodata* .gnu.linkonce.r.*)
 .rodata._cfgs  0x000000000040aa04       0xc0 ./hpl/xdmac/hpl_xdmac.o
 .rodata._usarts
                0x000000000040aac4        0xc ./hpl/usart/hpl_usart.o
 .rodata._i2cm_sync_cfgs
                0x000000000040aad0       0x18 ./hpl/twihs/hpl_twihs.o
 .rodata._exit.str1.4
                0x000000000040aae8       0x19 ./hal/utils/src/utils_syscalls.o
 *fill*         0x000000000040ab01        0x3 
 .rodata.vTaskStartScheduler.str1.4
                0x000000000040ab04        0x5 ./FreeRTOSV10.0.0/Source/tasks.o
 *fill*         0x000000000040ab09        0x3 
 .rodata.xTimerCreateTimerTask.str1.4
                0x000000000040ab0c        0x8 ./FreeRTOSV10.0.0/Source/timers.o
 .rodata.fault_handler_trace.str1.4
                0x000000000040ab14       0xc2 ./Device_Startup/startup_same70q21b.o
 *fill*         0x000000000040abd6        0x2 
 .rodata.main.str1.4
                0x000000000040abd8       0x32 ./main.o
 *fill*         0x000000000040ac0a        0x2 
 .rodata.led_thread_entry.str1.4
                0x000000000040ac0c        0xe ./rtos_start.o
 *fill*         0x000000000040ac1a        0x2 
 .rodata.FREERTOS_V1000_start.str1.4
                0x000000000040ac1c       0x33 ./rtos_start.o
 *fill*         0x000000000040ac4f        0x1 
 .rodata._global_impure_ptr
                0x000000000040ac50        0x4 c:/workspace/tools/eclipse-embedcpp/xpack-arm-none-eabi-gcc-10.2.1-1.1/bin/../lib/gcc/arm-none-eabi/10.2.1/../../../../arm-none-eabi/lib/thumb/v7e-m+dp/hard\libg.a(lib_a-impure.o)
                0x000000000040ac50                _global_impure_ptr
 .rodata._puts_r.str1.4
                0x000000000040ac54       0x33 c:/workspace/tools/eclipse-embedcpp/xpack-arm-none-eabi-gcc-10.2.1-1.1/bin/../lib/gcc/arm-none-eabi/10.2.1/../../../../arm-none-eabi/lib/thumb/v7e-m+dp/hard\libg.a(lib_a-puts.o)
                                          0x2 (size before relaxing)
 .rodata._vfprintf_r.str1.4
                0x000000000040ac54       0x42 c:/workspace/tools/eclipse-embedcpp/xpack-arm-none-eabi-gcc-10.2.1-1.1/bin/../lib/gcc/arm-none-eabi/10.2.1/../../../../arm-none-eabi/lib/thumb/v7e-m+dp/hard\libg.a(lib_a-vfprintf.o)
 *fill*         0x000000000040ac96        0x2 
 .rodata.blanks.1
                0x000000000040ac98       0x10 c:/workspace/tools/eclipse-embedcpp/xpack-arm-none-eabi-gcc-10.2.1-1.1/bin/../lib/gcc/arm-none-eabi/10.2.1/../../../../arm-none-eabi/lib/thumb/v7e-m+dp/hard\libg.a(lib_a-vfprintf.o)
 .rodata.zeroes.0
                0x000000000040aca8       0x10 c:/workspace/tools/eclipse-embedcpp/xpack-arm-none-eabi-gcc-10.2.1-1.1/bin/../lib/gcc/arm-none-eabi/10.2.1/../../../../arm-none-eabi/lib/thumb/v7e-m+dp/hard\libg.a(lib_a-vfprintf.o)
 .rodata._dtoa_r.str1.4
                0x000000000040acb8       0x7e c:/workspace/tools/eclipse-embedcpp/xpack-arm-none-eabi-gcc-10.2.1-1.1/bin/../lib/gcc/arm-none-eabi/10.2.1/../../../../arm-none-eabi/lib/thumb/v7e-m+dp/hard\libg.a(lib_a-dtoa.o)
                                         0x82 (size before relaxing)
 *fill*         0x000000000040ad36        0x2 
 .rodata._setlocale_r.str1.4
                0x000000000040ad38        0xa c:/workspace/tools/eclipse-embedcpp/xpack-arm-none-eabi-gcc-10.2.1-1.1/bin/../lib/gcc/arm-none-eabi/10.2.1/../../../../arm-none-eabi/lib/thumb/v7e-m+dp/hard\libg.a(lib_a-locale.o)
                                          0xd (size before relaxing)
 *fill*         0x000000000040ad42        0x2 
 .rodata.str1.4
                0x000000000040ad44        0x2 c:/workspace/tools/eclipse-embedcpp/xpack-arm-none-eabi-gcc-10.2.1-1.1/bin/../lib/gcc/arm-none-eabi/10.2.1/../../../../arm-none-eabi/lib/thumb/v7e-m+dp/hard\libg.a(lib_a-locale.o)
 *fill*         0x000000000040ad46        0x2 
 .rodata.__multadd.str1.4
                0x000000000040ad48       0x5b c:/workspace/tools/eclipse-embedcpp/xpack-arm-none-eabi-gcc-10.2.1-1.1/bin/../lib/gcc/arm-none-eabi/10.2.1/../../../../arm-none-eabi/lib/thumb/v7e-m+dp/hard\libg.a(lib_a-mprec.o)
                                         0x6f (size before relaxing)
 *fill*         0x000000000040ada3        0x5 
 .rodata.__mprec_bigtens
                0x000000000040ada8       0x28 c:/workspace/tools/eclipse-embedcpp/xpack-arm-none-eabi-gcc-10.2.1-1.1/bin/../lib/gcc/arm-none-eabi/10.2.1/../../../../arm-none-eabi/lib/thumb/v7e-m+dp/hard\libg.a(lib_a-mprec.o)
                0x000000000040ada8                __mprec_bigtens
 .rodata.__mprec_tens
                0x000000000040add0       0xc8 c:/workspace/tools/eclipse-embedcpp/xpack-arm-none-eabi-gcc-10.2.1-1.1/bin/../lib/gcc/arm-none-eabi/10.2.1/../../../../arm-none-eabi/lib/thumb/v7e-m+dp/hard\libg.a(lib_a-mprec.o)
                0x000000000040add0                __mprec_tens
 .rodata.p05.0  0x000000000040ae98        0xc c:/workspace/tools/eclipse-embedcpp/xpack-arm-none-eabi-gcc-10.2.1-1.1/bin/../lib/gcc/arm-none-eabi/10.2.1/../../../../arm-none-eabi/lib/thumb/v7e-m+dp/hard\libg.a(lib_a-mprec.o)
 .rodata._vfiprintf_r.str1.4
                0x000000000040aea4       0x2f c:/workspace/tools/eclipse-embedcpp/xpack-arm-none-eabi-gcc-10.2.1-1.1/bin/../lib/gcc/arm-none-eabi/10.2.1/../../../../arm-none-eabi/lib/thumb/v7e-m+dp/hard\libg.a(lib_a-vfiprintf.o)
 .rodata.blanks.1
                0x000000000040aea4       0x10 c:/workspace/tools/eclipse-embedcpp/xpack-arm-none-eabi-gcc-10.2.1-1.1/bin/../lib/gcc/arm-none-eabi/10.2.1/../../../../arm-none-eabi/lib/thumb/v7e-m+dp/hard\libg.a(lib_a-vfiprintf.o)
 .rodata.zeroes.0
                0x000000000040aeb4       0x10 c:/workspace/tools/eclipse-embedcpp/xpack-arm-none-eabi-gcc-10.2.1-1.1/bin/../lib/gcc/arm-none-eabi/10.2.1/../../../../arm-none-eabi/lib/thumb/v7e-m+dp/hard\libg.a(lib_a-vfiprintf.o)
 .rodata.__assert_func.str1.4
                0x000000000040aec4       0x3f c:/workspace/tools/eclipse-embedcpp/xpack-arm-none-eabi-gcc-10.2.1-1.1/bin/../lib/gcc/arm-none-eabi/10.2.1/../../../../arm-none-eabi/lib/thumb/v7e-m+dp/hard\libg.a(lib_a-assert.o)
                                         0x43 (size before relaxing)
 *fill*         0x000000000040af03        0x1 
 .rodata._ctype_
                0x000000000040af04      0x101 c:/workspace/tools/eclipse-embedcpp/xpack-arm-none-eabi-gcc-10.2.1-1.1/bin/../lib/gcc/arm-none-eabi/10.2.1/../../../../arm-none-eabi/lib/thumb/v7e-m+dp/hard\libg.a(lib_a-ctype_.o)
                0x000000000040af04                _ctype_
 *(.ARM.extab* .gnu.linkonce.armextab.*)
 *fill*         0x000000000040b005        0x3 
 .ARM.extab.text.main
                0x000000000040b008        0xc ./main.o
 .ARM.extab.text.abort
                0x000000000040b014        0xc c:/workspace/tools/eclipse-embedcpp/xpack-arm-none-eabi-gcc-10.2.1-1.1/bin/../lib/gcc/arm-none-eabi/10.2.1/../../../../arm-none-eabi/lib/thumb/v7e-m+dp/hard\libg.a(lib_a-abort.o)
 .ARM.extab.text.printf
                0x000000000040b020        0xc c:/workspace/tools/eclipse-embedcpp/xpack-arm-none-eabi-gcc-10.2.1-1.1/bin/../lib/gcc/arm-none-eabi/10.2.1/../../../../arm-none-eabi/lib/thumb/v7e-m+dp/hard\libg.a(lib_a-printf.o)
 .ARM.extab.text._vfprintf_r
                0x000000000040b02c        0xc c:/workspace/tools/eclipse-embedcpp/xpack-arm-none-eabi-gcc-10.2.1-1.1/bin/../lib/gcc/arm-none-eabi/10.2.1/../../../../arm-none-eabi/lib/thumb/v7e-m+dp/hard\libg.a(lib_a-vfprintf.o)
 .ARM.extab.text.__sbprintf
                0x000000000040b038        0xc c:/workspace/tools/eclipse-embedcpp/xpack-arm-none-eabi-gcc-10.2.1-1.1/bin/../lib/gcc/arm-none-eabi/10.2.1/../../../../arm-none-eabi/lib/thumb/v7e-m+dp/hard\libg.a(lib_a-vfprintf.o)
 .ARM.extab.text._dtoa_r
                0x000000000040b044        0xc c:/workspace/tools/eclipse-embedcpp/xpack-arm-none-eabi-gcc-10.2.1-1.1/bin/../lib/gcc/arm-none-eabi/10.2.1/../../../../arm-none-eabi/lib/thumb/v7e-m+dp/hard\libg.a(lib_a-dtoa.o)
 .ARM.extab.text._vfiprintf_r
                0x000000000040b050        0xc c:/workspace/tools/eclipse-embedcpp/xpack-arm-none-eabi-gcc-10.2.1-1.1/bin/../lib/gcc/arm-none-eabi/10.2.1/../../../../arm-none-eabi/lib/thumb/v7e-m+dp/hard\libg.a(lib_a-vfiprintf.o)
 .ARM.extab.text.__sbprintf
                0x000000000040b05c        0xc c:/workspace/tools/eclipse-embedcpp/xpack-arm-none-eabi-gcc-10.2.1-1.1/bin/../lib/gcc/arm-none-eabi/10.2.1/../../../../arm-none-eabi/lib/thumb/v7e-m+dp/hard\libg.a(lib_a-vfiprintf.o)
 .ARM.extab.text.fiprintf
                0x000000000040b068        0xc c:/workspace/tools/eclipse-embedcpp/xpack-arm-none-eabi-gcc-10.2.1-1.1/bin/../lib/gcc/arm-none-eabi/10.2.1/../../../../arm-none-eabi/lib/thumb/v7e-m+dp/hard\libg.a(lib_a-fiprintf.o)
                0x000000000040b074                . = ALIGN (0x4)
 *(.init)
 .init          0x000000000040b074        0x4 c:/workspace/tools/eclipse-embedcpp/xpack-arm-none-eabi-gcc-10.2.1-1.1/bin/../lib/gcc/arm-none-eabi/10.2.1/thumb/v7e-m+dp/hard/crti.o
                0x000000000040b074                _init
 .init          0x000000000040b078        0x8 c:/workspace/tools/eclipse-embedcpp/xpack-arm-none-eabi-gcc-10.2.1-1.1/bin/../lib/gcc/arm-none-eabi/10.2.1/thumb/v7e-m+dp/hard/crtn.o
                0x000000000040b080                . = ALIGN (0x4)
                0x000000000040b080                __preinit_array_start = .
 *(.preinit_array)
                0x000000000040b080                __preinit_array_end = .
                0x000000000040b080                . = ALIGN (0x4)
                0x000000000040b080                __init_array_start = .
 *(SORT_BY_NAME(.init_array.*))
 .init_array.00000
                0x000000000040b080        0x4 c:/workspace/tools/eclipse-embedcpp/xpack-arm-none-eabi-gcc-10.2.1-1.1/bin/../lib/gcc/arm-none-eabi/10.2.1/../../../../arm-none-eabi/lib/thumb/v7e-m+dp/hard\libg.a(lib_a-__call_atexit.o)
 *(.init_array)
 .init_array    0x000000000040b084        0x4 c:/workspace/tools/eclipse-embedcpp/xpack-arm-none-eabi-gcc-10.2.1-1.1/bin/../lib/gcc/arm-none-eabi/10.2.1/thumb/v7e-m+dp/hard/crtbegin.o
                0x000000000040b088                __init_array_end = .
                0x000000000040b088                . = ALIGN (0x4)
 *crtbegin.o(.ctors)
 *(EXCLUDE_FILE(*crtend.o) .ctors)
 *(SORT_BY_NAME(.ctors.*))
 *crtend.o(.ctors)
                0x000000000040b088                . = ALIGN (0x4)
 *(.fini)
 .fini          0x000000000040b088        0x4 c:/workspace/tools/eclipse-embedcpp/xpack-arm-none-eabi-gcc-10.2.1-1.1/bin/../lib/gcc/arm-none-eabi/10.2.1/thumb/v7e-m+dp/hard/crti.o
                0x000000000040b088                _fini
 .fini          0x000000000040b08c        0x8 c:/workspace/tools/eclipse-embedcpp/xpack-arm-none-eabi-gcc-10.2.1-1.1/bin/../lib/gcc/arm-none-eabi/10.2.1/thumb/v7e-m+dp/hard/crtn.o
                0x000000000040b094                . = ALIGN (0x4)
                0x000000000040b094                __fini_array_start = .
 *(.fini_array)
 .fini_array    0x000000000040b094        0x4 c:/workspace/tools/eclipse-embedcpp/xpack-arm-none-eabi-gcc-10.2.1-1.1/bin/../lib/gcc/arm-none-eabi/10.2.1/thumb/v7e-m+dp/hard/crtbegin.o
 *(SORT_BY_NAME(.fini_array.*))
                0x000000000040b098                __fini_array_end = .
 *crtbegin.o(.dtors)
 *(EXCLUDE_FILE(*crtend.o) .dtors)
 *(SORT_BY_NAME(.dtors.*))
 *crtend.o(.dtors)
                0x000000000040b098                . = ALIGN (0x4)
                0x000000000040b098                _efixed = .
                0x000000000040b098                PROVIDE (__exidx_start = .)

.vfp11_veneer   0x000000000040b098        0x0
 .vfp11_veneer  0x000000000040b098        0x0 linker stubs

.v4_bx          0x000000000040b098        0x0
 .v4_bx         0x000000000040b098        0x0 linker stubs

.iplt           0x000000000040b098        0x0
 .iplt          0x000000000040b098        0x0 c:/workspace/tools/eclipse-embedcpp/xpack-arm-none-eabi-gcc-10.2.1-1.1/bin/../lib/gcc/arm-none-eabi/10.2.1/thumb/v7e-m+dp/hard/crtbegin.o

.igot.plt       0x000000000040b098        0x0
 .igot.plt      0x000000000040b098        0x0 c:/workspace/tools/eclipse-embedcpp/xpack-arm-none-eabi-gcc-10.2.1-1.1/bin/../lib/gcc/arm-none-eabi/10.2.1/thumb/v7e-m+dp/hard/crtbegin.o

.ARM.exidx      0x000000000040b098      0x2b0
 *(.ARM.exidx* .gnu.linkonce.armexidx.*)
 .ARM.exidx.text.main
                0x000000000040b098       0x10 ./main.o
                                          0x8 (size before relaxing)
 .ARM.exidx.text.selfrel_offset31
                0x000000000040b0a8        0x0 c:/workspace/tools/eclipse-embedcpp/xpack-arm-none-eabi-gcc-10.2.1-1.1/bin/../lib/gcc/arm-none-eabi/10.2.1/thumb/v7e-m+dp/hard\libgcc.a(unwind-arm.o)
                                          0x8 (size before relaxing)
 .ARM.exidx.text.search_EIT_table
                0x000000000040b0a8        0x0 c:/workspace/tools/eclipse-embedcpp/xpack-arm-none-eabi-gcc-10.2.1-1.1/bin/../lib/gcc/arm-none-eabi/10.2.1/thumb/v7e-m+dp/hard\libgcc.a(unwind-arm.o)
                                          0x8 (size before relaxing)
 .ARM.exidx.text.__gnu_unwind_get_pr_addr
                0x000000000040b0a8        0x0 c:/workspace/tools/eclipse-embedcpp/xpack-arm-none-eabi-gcc-10.2.1-1.1/bin/../lib/gcc/arm-none-eabi/10.2.1/thumb/v7e-m+dp/hard\libgcc.a(unwind-arm.o)
                                          0x8 (size before relaxing)
 .ARM.exidx.text.get_eit_entry
                0x000000000040b0a8        0x8 c:/workspace/tools/eclipse-embedcpp/xpack-arm-none-eabi-gcc-10.2.1-1.1/bin/../lib/gcc/arm-none-eabi/10.2.1/thumb/v7e-m+dp/hard\libgcc.a(unwind-arm.o)
 .ARM.exidx.text.restore_non_core_regs
                0x000000000040b0b0        0x8 c:/workspace/tools/eclipse-embedcpp/xpack-arm-none-eabi-gcc-10.2.1-1.1/bin/../lib/gcc/arm-none-eabi/10.2.1/thumb/v7e-m+dp/hard\libgcc.a(unwind-arm.o)
 .ARM.exidx.text._Unwind_decode_typeinfo_ptr.constprop.0
                0x000000000040b0b8        0x8 c:/workspace/tools/eclipse-embedcpp/xpack-arm-none-eabi-gcc-10.2.1-1.1/bin/../lib/gcc/arm-none-eabi/10.2.1/thumb/v7e-m+dp/hard\libgcc.a(unwind-arm.o)
 .ARM.exidx.text._Unwind_DebugHook
                0x000000000040b0c0        0x0 c:/workspace/tools/eclipse-embedcpp/xpack-arm-none-eabi-gcc-10.2.1-1.1/bin/../lib/gcc/arm-none-eabi/10.2.1/thumb/v7e-m+dp/hard\libgcc.a(unwind-arm.o)
                                          0x8 (size before relaxing)
 .ARM.exidx.text.unwind_phase2
                0x000000000040b0c0        0x8 c:/workspace/tools/eclipse-embedcpp/xpack-arm-none-eabi-gcc-10.2.1-1.1/bin/../lib/gcc/arm-none-eabi/10.2.1/thumb/v7e-m+dp/hard\libgcc.a(unwind-arm.o)
 .ARM.exidx.text.unwind_phase2_forced
                0x000000000040b0c8        0x8 c:/workspace/tools/eclipse-embedcpp/xpack-arm-none-eabi-gcc-10.2.1-1.1/bin/../lib/gcc/arm-none-eabi/10.2.1/thumb/v7e-m+dp/hard\libgcc.a(unwind-arm.o)
 .ARM.exidx.text.__gnu_Unwind_RaiseException
                0x000000000040b0d0        0x8 c:/workspace/tools/eclipse-embedcpp/xpack-arm-none-eabi-gcc-10.2.1-1.1/bin/../lib/gcc/arm-none-eabi/10.2.1/thumb/v7e-m+dp/hard\libgcc.a(unwind-arm.o)
 .ARM.exidx.text.__gnu_Unwind_ForcedUnwind
                0x000000000040b0d8        0x8 c:/workspace/tools/eclipse-embedcpp/xpack-arm-none-eabi-gcc-10.2.1-1.1/bin/../lib/gcc/arm-none-eabi/10.2.1/thumb/v7e-m+dp/hard\libgcc.a(unwind-arm.o)
 .ARM.exidx.text.__gnu_Unwind_Resume
                0x000000000040b0e0        0x8 c:/workspace/tools/eclipse-embedcpp/xpack-arm-none-eabi-gcc-10.2.1-1.1/bin/../lib/gcc/arm-none-eabi/10.2.1/thumb/v7e-m+dp/hard\libgcc.a(unwind-arm.o)
 .ARM.exidx.text.__gnu_Unwind_Resume_or_Rethrow
                0x000000000040b0e8        0x8 c:/workspace/tools/eclipse-embedcpp/xpack-arm-none-eabi-gcc-10.2.1-1.1/bin/../lib/gcc/arm-none-eabi/10.2.1/thumb/v7e-m+dp/hard\libgcc.a(unwind-arm.o)
 .ARM.exidx.text._Unwind_VRS_Get
                0x000000000040b0f0        0x0 c:/workspace/tools/eclipse-embedcpp/xpack-arm-none-eabi-gcc-10.2.1-1.1/bin/../lib/gcc/arm-none-eabi/10.2.1/thumb/v7e-m+dp/hard\libgcc.a(unwind-arm.o)
                                          0x8 (size before relaxing)
 .ARM.exidx.text._Unwind_GetGR
                0x000000000040b0f0        0x0 c:/workspace/tools/eclipse-embedcpp/xpack-arm-none-eabi-gcc-10.2.1-1.1/bin/../lib/gcc/arm-none-eabi/10.2.1/thumb/v7e-m+dp/hard\libgcc.a(unwind-arm.o)
                                          0x8 (size before relaxing)
 .ARM.exidx.text._Unwind_VRS_Set
                0x000000000040b0f0        0x0 c:/workspace/tools/eclipse-embedcpp/xpack-arm-none-eabi-gcc-10.2.1-1.1/bin/../lib/gcc/arm-none-eabi/10.2.1/thumb/v7e-m+dp/hard\libgcc.a(unwind-arm.o)
                                          0x8 (size before relaxing)
 .ARM.exidx.text._Unwind_SetGR
                0x000000000040b0f0        0x0 c:/workspace/tools/eclipse-embedcpp/xpack-arm-none-eabi-gcc-10.2.1-1.1/bin/../lib/gcc/arm-none-eabi/10.2.1/thumb/v7e-m+dp/hard\libgcc.a(unwind-arm.o)
                                          0x8 (size before relaxing)
 .ARM.exidx.text.__gnu_Unwind_Backtrace
                0x000000000040b0f0        0x8 c:/workspace/tools/eclipse-embedcpp/xpack-arm-none-eabi-gcc-10.2.1-1.1/bin/../lib/gcc/arm-none-eabi/10.2.1/thumb/v7e-m+dp/hard\libgcc.a(unwind-arm.o)
 .ARM.exidx.text.__gnu_unwind_pr_common
                0x000000000040b0f8        0x8 c:/workspace/tools/eclipse-embedcpp/xpack-arm-none-eabi-gcc-10.2.1-1.1/bin/../lib/gcc/arm-none-eabi/10.2.1/thumb/v7e-m+dp/hard\libgcc.a(unwind-arm.o)
 .ARM.exidx.text.__aeabi_unwind_cpp_pr0
                0x000000000040b100        0x8 c:/workspace/tools/eclipse-embedcpp/xpack-arm-none-eabi-gcc-10.2.1-1.1/bin/../lib/gcc/arm-none-eabi/10.2.1/thumb/v7e-m+dp/hard\libgcc.a(unwind-arm.o)
 .ARM.exidx.text.__aeabi_unwind_cpp_pr1
                0x000000000040b108        0x0 c:/workspace/tools/eclipse-embedcpp/xpack-arm-none-eabi-gcc-10.2.1-1.1/bin/../lib/gcc/arm-none-eabi/10.2.1/thumb/v7e-m+dp/hard\libgcc.a(unwind-arm.o)
                                          0x8 (size before relaxing)
 .ARM.exidx.text.__aeabi_unwind_cpp_pr2
                0x000000000040b108        0x0 c:/workspace/tools/eclipse-embedcpp/xpack-arm-none-eabi-gcc-10.2.1-1.1/bin/../lib/gcc/arm-none-eabi/10.2.1/thumb/v7e-m+dp/hard\libgcc.a(unwind-arm.o)
                                          0x8 (size before relaxing)
 .ARM.exidx.text._Unwind_VRS_Pop
                0x000000000040b108       0x10 c:/workspace/tools/eclipse-embedcpp/xpack-arm-none-eabi-gcc-10.2.1-1.1/bin/../lib/gcc/arm-none-eabi/10.2.1/thumb/v7e-m+dp/hard\libgcc.a(unwind-arm.o)
                                          0x8 (size before relaxing)
 .ARM.exidx.text.next_unwind_byte
                0x000000000040b118        0x0 c:/workspace/tools/eclipse-embedcpp/xpack-arm-none-eabi-gcc-10.2.1-1.1/bin/../lib/gcc/arm-none-eabi/10.2.1/thumb/v7e-m+dp/hard\libgcc.a(pr-support.o)
                                          0x8 (size before relaxing)
 .ARM.exidx.text.__gnu_unwind_execute
                0x000000000040b118        0x8 c:/workspace/tools/eclipse-embedcpp/xpack-arm-none-eabi-gcc-10.2.1-1.1/bin/../lib/gcc/arm-none-eabi/10.2.1/thumb/v7e-m+dp/hard\libgcc.a(pr-support.o)
 .ARM.exidx.text.abort
                0x000000000040b120        0x8 c:/workspace/tools/eclipse-embedcpp/xpack-arm-none-eabi-gcc-10.2.1-1.1/bin/../lib/gcc/arm-none-eabi/10.2.1/../../../../arm-none-eabi/lib/thumb/v7e-m+dp/hard\libg.a(lib_a-abort.o)
 .ARM.exidx.text.__libc_init_array
                0x000000000040b128       0x10 c:/workspace/tools/eclipse-embedcpp/xpack-arm-none-eabi-gcc-10.2.1-1.1/bin/../lib/gcc/arm-none-eabi/10.2.1/../../../../arm-none-eabi/lib/thumb/v7e-m+dp/hard\libg.a(lib_a-init.o)
                                          0x8 (size before relaxing)
 .ARM.exidx.text.memset
                0x000000000040b138        0x0 c:/workspace/tools/eclipse-embedcpp/xpack-arm-none-eabi-gcc-10.2.1-1.1/bin/../lib/gcc/arm-none-eabi/10.2.1/../../../../arm-none-eabi/lib/thumb/v7e-m+dp/hard\libg.a(lib_a-memset.o)
                                          0x8 (size before relaxing)
 .ARM.exidx.text.printf
                0x000000000040b138        0x8 c:/workspace/tools/eclipse-embedcpp/xpack-arm-none-eabi-gcc-10.2.1-1.1/bin/../lib/gcc/arm-none-eabi/10.2.1/../../../../arm-none-eabi/lib/thumb/v7e-m+dp/hard\libg.a(lib_a-printf.o)
 .ARM.exidx.text._puts_r
                0x000000000040b140        0x8 c:/workspace/tools/eclipse-embedcpp/xpack-arm-none-eabi-gcc-10.2.1-1.1/bin/../lib/gcc/arm-none-eabi/10.2.1/../../../../arm-none-eabi/lib/thumb/v7e-m+dp/hard\libg.a(lib_a-puts.o)
 .ARM.exidx.text.puts
                0x000000000040b148        0x8 c:/workspace/tools/eclipse-embedcpp/xpack-arm-none-eabi-gcc-10.2.1-1.1/bin/../lib/gcc/arm-none-eabi/10.2.1/../../../../arm-none-eabi/lib/thumb/v7e-m+dp/hard\libg.a(lib_a-puts.o)
 .ARM.exidx.text.setbuf
                0x000000000040b150        0x0 c:/workspace/tools/eclipse-embedcpp/xpack-arm-none-eabi-gcc-10.2.1-1.1/bin/../lib/gcc/arm-none-eabi/10.2.1/../../../../arm-none-eabi/lib/thumb/v7e-m+dp/hard\libg.a(lib_a-setbuf.o)
                                          0x8 (size before relaxing)
 .ARM.exidx.text.setvbuf
                0x000000000040b150        0x8 c:/workspace/tools/eclipse-embedcpp/xpack-arm-none-eabi-gcc-10.2.1-1.1/bin/../lib/gcc/arm-none-eabi/10.2.1/../../../../arm-none-eabi/lib/thumb/v7e-m+dp/hard\libg.a(lib_a-setvbuf.o)
 .ARM.exidx.text.raise
                0x000000000040b158        0x8 c:/workspace/tools/eclipse-embedcpp/xpack-arm-none-eabi-gcc-10.2.1-1.1/bin/../lib/gcc/arm-none-eabi/10.2.1/../../../../arm-none-eabi/lib/thumb/v7e-m+dp/hard\libg.a(lib_a-signal.o)
 .ARM.exidx.text._kill_r
                0x000000000040b160        0x8 c:/workspace/tools/eclipse-embedcpp/xpack-arm-none-eabi-gcc-10.2.1-1.1/bin/../lib/gcc/arm-none-eabi/10.2.1/../../../../arm-none-eabi/lib/thumb/v7e-m+dp/hard\libg.a(lib_a-signalr.o)
 .ARM.exidx.text._getpid_r
                0x000000000040b168        0x8 c:/workspace/tools/eclipse-embedcpp/xpack-arm-none-eabi-gcc-10.2.1-1.1/bin/../lib/gcc/arm-none-eabi/10.2.1/../../../../arm-none-eabi/lib/thumb/v7e-m+dp/hard\libg.a(lib_a-signalr.o)
 .ARM.exidx.text._vfprintf_r
                0x000000000040b170        0x8 c:/workspace/tools/eclipse-embedcpp/xpack-arm-none-eabi-gcc-10.2.1-1.1/bin/../lib/gcc/arm-none-eabi/10.2.1/../../../../arm-none-eabi/lib/thumb/v7e-m+dp/hard\libg.a(lib_a-vfprintf.o)
 .ARM.exidx.text.__sbprintf
                0x000000000040b178        0x8 c:/workspace/tools/eclipse-embedcpp/xpack-arm-none-eabi-gcc-10.2.1-1.1/bin/../lib/gcc/arm-none-eabi/10.2.1/../../../../arm-none-eabi/lib/thumb/v7e-m+dp/hard\libg.a(lib_a-vfprintf.o)
 .ARM.exidx.text.__swsetup_r
                0x000000000040b180        0x8 c:/workspace/tools/eclipse-embedcpp/xpack-arm-none-eabi-gcc-10.2.1-1.1/bin/../lib/gcc/arm-none-eabi/10.2.1/../../../../arm-none-eabi/lib/thumb/v7e-m+dp/hard\libg.a(lib_a-wsetup.o)
 .ARM.exidx.text.startup.register_fini
                0x000000000040b188        0x8 c:/workspace/tools/eclipse-embedcpp/xpack-arm-none-eabi-gcc-10.2.1-1.1/bin/../lib/gcc/arm-none-eabi/10.2.1/../../../../arm-none-eabi/lib/thumb/v7e-m+dp/hard\libg.a(lib_a-__call_atexit.o)
 .ARM.exidx.text.quorem
                0x000000000040b190        0x8 c:/workspace/tools/eclipse-embedcpp/xpack-arm-none-eabi-gcc-10.2.1-1.1/bin/../lib/gcc/arm-none-eabi/10.2.1/../../../../arm-none-eabi/lib/thumb/v7e-m+dp/hard\libg.a(lib_a-dtoa.o)
 .ARM.exidx.text._dtoa_r
                0x000000000040b198        0x8 c:/workspace/tools/eclipse-embedcpp/xpack-arm-none-eabi-gcc-10.2.1-1.1/bin/../lib/gcc/arm-none-eabi/10.2.1/../../../../arm-none-eabi/lib/thumb/v7e-m+dp/hard\libg.a(lib_a-dtoa.o)
 .ARM.exidx.text.__sflush_r
                0x000000000040b1a0        0x8 c:/workspace/tools/eclipse-embedcpp/xpack-arm-none-eabi-gcc-10.2.1-1.1/bin/../lib/gcc/arm-none-eabi/10.2.1/../../../../arm-none-eabi/lib/thumb/v7e-m+dp/hard\libg.a(lib_a-fflush.o)
 .ARM.exidx.text._fflush_r
                0x000000000040b1a8        0x8 c:/workspace/tools/eclipse-embedcpp/xpack-arm-none-eabi-gcc-10.2.1-1.1/bin/../lib/gcc/arm-none-eabi/10.2.1/../../../../arm-none-eabi/lib/thumb/v7e-m+dp/hard\libg.a(lib_a-fflush.o)
 .ARM.exidx.text._cleanup_r
                0x000000000040b1b0        0x8 c:/workspace/tools/eclipse-embedcpp/xpack-arm-none-eabi-gcc-10.2.1-1.1/bin/../lib/gcc/arm-none-eabi/10.2.1/../../../../arm-none-eabi/lib/thumb/v7e-m+dp/hard\libg.a(lib_a-findfp.o)
 .ARM.exidx.text.__sinit